

================================================================
== Vivado HLS Report for 'myproject'
================================================================
* Date:           Sun Apr  7 11:30:57 2024

* Version:        2019.1 (Build 2552052 on Fri May 24 15:28:33 MDT 2019)
* Project:        myproject_prj
* Solution:       solution1
* Product family: zynq
* Target device:  xc7z020-clg400-1


================================================================
== Performance Estimates
================================================================
+ Timing (ns): 
    * Summary: 
    +--------+-------+----------+------------+
    |  Clock | Target| Estimated| Uncertainty|
    +--------+-------+----------+------------+
    |ap_clk  |   5.00|     4.535|        0.62|
    +--------+-------+----------+------------+

+ Latency (clock cycles): 
    * Summary: 
    +-----+-----+-----+-----+----------+
    |  Latency  |  Interval | Pipeline |
    | min | max | min | max |   Type   |
    +-----+-----+-----+-----+----------+
    |   53|   53|   17|   17| function |
    +-----+-----+-----+-----+----------+

    + Detail: 
        * Instance: 
        +----------------------------------------------------------------------------------------------+-----------------------------------------------------------------------------------+-----+-----+-----+-----+----------+
        |                                                                                              |                                                                                   |  Latency  |  Interval | Pipeline |
        |                                           Instance                                           |                                       Module                                      | min | max | min | max |   Type   |
        +----------------------------------------------------------------------------------------------+-----------------------------------------------------------------------------------+-----+-----+-----+-----+----------+
        |grp_dense_latency_0_0_0_0_0_0_0_0_0_0_0_0_0_0_0_0_0_0_0_0_0_0_0_0_0_0_0_0_0_0_0_0_0_1_fu_44   |dense_latency_0_0_0_0_0_0_0_0_0_0_0_0_0_0_0_0_0_0_0_0_0_0_0_0_0_0_0_0_0_0_0_0_0_1  |    7|    7|    8|    8| function |
        |grp_dense_latency_0_0_0_0_0_0_0_0_0_0_0_0_0_0_0_0_0_0_0_0_0_0_0_0_0_0_0_0_0_0_0_0_0_s_fu_106  |dense_latency_0_0_0_0_0_0_0_0_0_0_0_0_0_0_0_0_0_0_0_0_0_0_0_0_0_0_0_0_0_0_0_0_0_s  |    8|    8|    9|    9| function |
        |grp_dense_latency_0_0_0_0_0_0_0_0_0_0_0_0_0_0_0_0_0_0_0_0_0_0_0_0_0_0_0_0_0_0_0_0_0_fu_112    |dense_latency_0_0_0_0_0_0_0_0_0_0_0_0_0_0_0_0_0_0_0_0_0_0_0_0_0_0_0_0_0_0_0_0_0    |   16|   16|   17|   17| function |
        |call_ret1_relu_ap_fixed_16_6_5_3_0_ap_ufixed_6_0_4_0_0_relu_config4_s_fu_147                  |relu_ap_fixed_16_6_5_3_0_ap_ufixed_6_0_4_0_0_relu_config4_s                        |    0|    0|    1|    1| function |
        |call_ret3_relu_ap_fixed_16_6_5_3_0_ap_ufixed_6_0_4_0_0_relu_config7_s_fu_209                  |relu_ap_fixed_16_6_5_3_0_ap_ufixed_6_0_4_0_0_relu_config7_s                        |    0|    0|    1|    1| function |
        |call_ret5_relu_ap_fixed_16_6_5_3_0_ap_ufixed_6_0_4_0_0_relu_config10_s_fu_244                 |relu_ap_fixed_16_6_5_3_0_ap_ufixed_6_0_4_0_0_relu_config10_s                       |    0|    0|    1|    1| function |
        |grp_dense_latency_ap_ufixed_ap_fixed_16_6_5_3_0_config11_0_0_0_0_0_0_fu_272                   |dense_latency_ap_ufixed_ap_fixed_16_6_5_3_0_config11_0_0_0_0_0_0                   |    2|    2|    3|    3| function |
        |grp_softmax_stable_ap_fixed_ap_fixed_16_6_5_3_0_softmax_config13_s_fu_300                     |softmax_stable_ap_fixed_ap_fixed_16_6_5_3_0_softmax_config13_s                     |   13|   13|    1|    1| function |
        +----------------------------------------------------------------------------------------------+-----------------------------------------------------------------------------------+-----+-----+-----+-----+----------+

        * Loop: 
        N/A



================================================================
== Utilization Estimates
================================================================
* Summary: 
+-----------------+---------+-------+--------+-------+-----+
|       Name      | BRAM_18K| DSP48E|   FF   |  LUT  | URAM|
+-----------------+---------+-------+--------+-------+-----+
|DSP              |        -|      -|       -|      -|    -|
|Expression       |        -|      -|       0|      6|    -|
|FIFO             |        -|      -|       -|      -|    -|
|Instance         |        4|      9|   14734|  32471|    -|
|Memory           |        -|      -|       -|      -|    -|
|Multiplexer      |        -|      -|       -|    116|    -|
|Register         |        -|      -|    2591|      -|    -|
+-----------------+---------+-------+--------+-------+-----+
|Total            |        4|      9|   17325|  32593|    0|
+-----------------+---------+-------+--------+-------+-----+
|Available        |      280|    220|  106400|  53200|    0|
+-----------------+---------+-------+--------+-------+-----+
|Utilization (%)  |        1|      4|      16|     61|    0|
+-----------------+---------+-------+--------+-------+-----+

+ Detail: 
    * Instance: 
    +----------------------------------------------------------------------------------------------+-----------------------------------------------------------------------------------+---------+-------+------+------+-----+
    |                                           Instance                                           |                                       Module                                      | BRAM_18K| DSP48E|  FF  |  LUT | URAM|
    +----------------------------------------------------------------------------------------------+-----------------------------------------------------------------------------------+---------+-------+------+------+-----+
    |grp_dense_latency_0_0_0_0_0_0_0_0_0_0_0_0_0_0_0_0_0_0_0_0_0_0_0_0_0_0_0_0_0_0_0_0_0_fu_112    |dense_latency_0_0_0_0_0_0_0_0_0_0_0_0_0_0_0_0_0_0_0_0_0_0_0_0_0_0_0_0_0_0_0_0_0    |        0|      0|  3304|  5515|    0|
    |grp_dense_latency_0_0_0_0_0_0_0_0_0_0_0_0_0_0_0_0_0_0_0_0_0_0_0_0_0_0_0_0_0_0_0_0_0_1_fu_44   |dense_latency_0_0_0_0_0_0_0_0_0_0_0_0_0_0_0_0_0_0_0_0_0_0_0_0_0_0_0_0_0_0_0_0_0_1  |        0|      0|  4936|  9110|    0|
    |grp_dense_latency_0_0_0_0_0_0_0_0_0_0_0_0_0_0_0_0_0_0_0_0_0_0_0_0_0_0_0_0_0_0_0_0_0_s_fu_106  |dense_latency_0_0_0_0_0_0_0_0_0_0_0_0_0_0_0_0_0_0_0_0_0_0_0_0_0_0_0_0_0_0_0_0_0_s  |        0|      4|  4967|  6800|    0|
    |grp_dense_latency_ap_ufixed_ap_fixed_16_6_5_3_0_config11_0_0_0_0_0_0_fu_272                   |dense_latency_ap_ufixed_ap_fixed_16_6_5_3_0_config11_0_0_0_0_0_0                   |        0|      0|   395|  1060|    0|
    |call_ret5_relu_ap_fixed_16_6_5_3_0_ap_ufixed_6_0_4_0_0_relu_config10_s_fu_244                 |relu_ap_fixed_16_6_5_3_0_ap_ufixed_6_0_4_0_0_relu_config10_s                       |        0|      0|     0|  1944|    0|
    |call_ret1_relu_ap_fixed_16_6_5_3_0_ap_ufixed_6_0_4_0_0_relu_config4_s_fu_147                  |relu_ap_fixed_16_6_5_3_0_ap_ufixed_6_0_4_0_0_relu_config4_s                        |        0|      0|     0|  4698|    0|
    |call_ret3_relu_ap_fixed_16_6_5_3_0_ap_ufixed_6_0_4_0_0_relu_config7_s_fu_209                  |relu_ap_fixed_16_6_5_3_0_ap_ufixed_6_0_4_0_0_relu_config7_s                        |        0|      0|     0|  2511|    0|
    |grp_softmax_stable_ap_fixed_ap_fixed_16_6_5_3_0_softmax_config13_s_fu_300                     |softmax_stable_ap_fixed_ap_fixed_16_6_5_3_0_softmax_config13_s                     |        4|      5|  1132|   833|    0|
    +----------------------------------------------------------------------------------------------+-----------------------------------------------------------------------------------+---------+-------+------+------+-----+
    |Total                                                                                         |                                                                                   |        4|      9| 14734| 32471|    0|
    +----------------------------------------------------------------------------------------------+-----------------------------------------------------------------------------------+---------+-------+------+------+-----+

    * DSP48E: 
    N/A

    * Memory: 
    N/A

    * FIFO: 
    N/A

    * Expression: 
    +----------------------------------+----------+-------+---+----+------------+------------+
    |           Variable Name          | Operation| DSP48E| FF| LUT| Bitwidth P0| Bitwidth P1|
    +----------------------------------+----------+-------+---+----+------------+------------+
    |ap_block_pp0_stage0_11001         |    and   |      0|  0|   2|           1|           1|
    |ap_block_state1_pp0_stage0_iter0  |    or    |      0|  0|   2|           1|           1|
    |ap_enable_pp0                     |    xor   |      0|  0|   2|           1|           2|
    +----------------------------------+----------+-------+---+----+------------+------------+
    |Total                             |          |      0|  0|   6|           3|           4|
    +----------------------------------+----------+-------+---+----+------------+------------+

    * Multiplexer: 
    +-------------------------+----+-----------+-----+-----------+
    |           Name          | LUT| Input Size| Bits| Total Bits|
    +-------------------------+----+-----------+-----+-----------+
    |ap_NS_fsm                |  89|         18|    1|         18|
    |ap_enable_reg_pp0_iter0  |   9|          2|    1|          2|
    |ap_enable_reg_pp0_iter3  |   9|          2|    1|          2|
    |fc1_input_V_blk_n        |   9|          2|    1|          2|
    +-------------------------+----+-----------+-----+-----------+
    |Total                    | 116|         24|    4|         24|
    +-------------------------+----+-----------+-----+-----------+

    * Register: 
    +----------------------------------------------------------------------------------------------------------+----+----+-----+-----------+
    |                                                   Name                                                   | FF | LUT| Bits| Const Bits|
    +----------------------------------------------------------------------------------------------------------+----+----+-----+-----------+
    |ap_CS_fsm                                                                                                 |  17|   0|   17|          0|
    |ap_enable_reg_pp0_iter0_reg                                                                               |   1|   0|    1|          0|
    |ap_enable_reg_pp0_iter1                                                                                   |   1|   0|    1|          0|
    |ap_enable_reg_pp0_iter2                                                                                   |   1|   0|    1|          0|
    |ap_enable_reg_pp0_iter3                                                                                   |   1|   0|    1|          0|
    |grp_dense_latency_0_0_0_0_0_0_0_0_0_0_0_0_0_0_0_0_0_0_0_0_0_0_0_0_0_0_0_0_0_0_0_0_0_1_fu_44_ap_start_reg  |   1|   0|    1|          0|
    |grp_dense_latency_0_0_0_0_0_0_0_0_0_0_0_0_0_0_0_0_0_0_0_0_0_0_0_0_0_0_0_0_0_0_0_0_0_fu_112_ap_start_reg   |   1|   0|    1|          0|
    |grp_dense_latency_ap_ufixed_ap_fixed_16_6_5_3_0_config11_0_0_0_0_0_0_fu_272_ap_start_reg                  |   1|   0|    1|          0|
    |grp_softmax_stable_ap_fixed_ap_fixed_16_6_5_3_0_softmax_config13_s_fu_300_ap_start_reg                    |   1|   0|    1|          0|
    |layer10_out_0_V_reg_2247                                                                                  |   6|   0|    6|          0|
    |layer10_out_10_V_reg_2287                                                                                 |   6|   0|    6|          0|
    |layer10_out_13_V_reg_2292                                                                                 |   6|   0|    6|          0|
    |layer10_out_14_V_reg_2297                                                                                 |   6|   0|    6|          0|
    |layer10_out_15_V_reg_2302                                                                                 |   6|   0|    6|          0|
    |layer10_out_19_V_reg_2307                                                                                 |   6|   0|    6|          0|
    |layer10_out_1_V_reg_2252                                                                                  |   6|   0|    6|          0|
    |layer10_out_20_V_reg_2312                                                                                 |   6|   0|    6|          0|
    |layer10_out_21_V_reg_2317                                                                                 |   6|   0|    6|          0|
    |layer10_out_22_V_reg_2322                                                                                 |   6|   0|    6|          0|
    |layer10_out_23_V_reg_2327                                                                                 |   6|   0|    6|          0|
    |layer10_out_24_V_reg_2332                                                                                 |   6|   0|    6|          0|
    |layer10_out_25_V_reg_2337                                                                                 |   6|   0|    6|          0|
    |layer10_out_26_V_reg_2342                                                                                 |   6|   0|    6|          0|
    |layer10_out_27_V_reg_2347                                                                                 |   6|   0|    6|          0|
    |layer10_out_28_V_reg_2352                                                                                 |   6|   0|    6|          0|
    |layer10_out_29_V_reg_2357                                                                                 |   6|   0|    6|          0|
    |layer10_out_2_V_reg_2257                                                                                  |   6|   0|    6|          0|
    |layer10_out_30_V_reg_2362                                                                                 |   6|   0|    6|          0|
    |layer10_out_3_V_reg_2262                                                                                  |   6|   0|    6|          0|
    |layer10_out_4_V_reg_2267                                                                                  |   6|   0|    6|          0|
    |layer10_out_7_V_reg_2272                                                                                  |   6|   0|    6|          0|
    |layer10_out_8_V_reg_2277                                                                                  |   6|   0|    6|          0|
    |layer10_out_9_V_reg_2282                                                                                  |   6|   0|    6|          0|
    |layer11_out_0_V_reg_2367                                                                                  |  16|   0|   16|          0|
    |layer11_out_1_V_reg_2372                                                                                  |  16|   0|   16|          0|
    |layer11_out_2_V_reg_2377                                                                                  |  16|   0|   16|          0|
    |layer11_out_3_V_reg_2382                                                                                  |  16|   0|   16|          0|
    |layer11_out_4_V_reg_2387                                                                                  |  16|   0|   16|          0|
    |layer2_out_0_V_reg_1237                                                                                   |  16|   0|   16|          0|
    |layer2_out_10_V_reg_1287                                                                                  |  16|   0|   16|          0|
    |layer2_out_12_V_reg_1292                                                                                  |  16|   0|   16|          0|
    |layer2_out_13_V_reg_1297                                                                                  |  16|   0|   16|          0|
    |layer2_out_14_V_reg_1302                                                                                  |  16|   0|   16|          0|
    |layer2_out_15_V_reg_1307                                                                                  |  16|   0|   16|          0|
    |layer2_out_16_V_reg_1312                                                                                  |  16|   0|   16|          0|
    |layer2_out_17_V_reg_1317                                                                                  |  16|   0|   16|          0|
    |layer2_out_18_V_reg_1322                                                                                  |  16|   0|   16|          0|
    |layer2_out_19_V_reg_1327                                                                                  |  16|   0|   16|          0|
    |layer2_out_1_V_reg_1242                                                                                   |  16|   0|   16|          0|
    |layer2_out_20_V_reg_1332                                                                                  |  16|   0|   16|          0|
    |layer2_out_21_V_reg_1337                                                                                  |  16|   0|   16|          0|
    |layer2_out_22_V_reg_1342                                                                                  |  16|   0|   16|          0|
    |layer2_out_23_V_reg_1347                                                                                  |  16|   0|   16|          0|
    |layer2_out_24_V_reg_1352                                                                                  |  16|   0|   16|          0|
    |layer2_out_25_V_reg_1357                                                                                  |  16|   0|   16|          0|
    |layer2_out_26_V_reg_1362                                                                                  |  16|   0|   16|          0|
    |layer2_out_27_V_reg_1367                                                                                  |  16|   0|   16|          0|
    |layer2_out_28_V_reg_1372                                                                                  |  16|   0|   16|          0|
    |layer2_out_29_V_reg_1377                                                                                  |  16|   0|   16|          0|
    |layer2_out_2_V_reg_1247                                                                                   |  16|   0|   16|          0|
    |layer2_out_30_V_reg_1382                                                                                  |  16|   0|   16|          0|
    |layer2_out_31_V_reg_1387                                                                                  |  16|   0|   16|          0|
    |layer2_out_32_V_reg_1392                                                                                  |  16|   0|   16|          0|
    |layer2_out_33_V_reg_1397                                                                                  |  16|   0|   16|          0|
    |layer2_out_35_V_reg_1402                                                                                  |  16|   0|   16|          0|
    |layer2_out_36_V_reg_1407                                                                                  |  16|   0|   16|          0|
    |layer2_out_37_V_reg_1412                                                                                  |  16|   0|   16|          0|
    |layer2_out_38_V_reg_1417                                                                                  |  16|   0|   16|          0|
    |layer2_out_39_V_reg_1422                                                                                  |  16|   0|   16|          0|
    |layer2_out_3_V_reg_1252                                                                                   |  16|   0|   16|          0|
    |layer2_out_40_V_reg_1427                                                                                  |  16|   0|   16|          0|
    |layer2_out_42_V_reg_1432                                                                                  |  16|   0|   16|          0|
    |layer2_out_43_V_reg_1437                                                                                  |  16|   0|   16|          0|
    |layer2_out_44_V_reg_1442                                                                                  |  16|   0|   16|          0|
    |layer2_out_45_V_reg_1447                                                                                  |  16|   0|   16|          0|
    |layer2_out_46_V_reg_1452                                                                                  |  16|   0|   16|          0|
    |layer2_out_48_V_reg_1457                                                                                  |  16|   0|   16|          0|
    |layer2_out_49_V_reg_1462                                                                                  |  16|   0|   16|          0|
    |layer2_out_4_V_reg_1257                                                                                   |  16|   0|   16|          0|
    |layer2_out_50_V_reg_1467                                                                                  |  16|   0|   16|          0|
    |layer2_out_51_V_reg_1472                                                                                  |  16|   0|   16|          0|
    |layer2_out_52_V_reg_1477                                                                                  |  16|   0|   16|          0|
    |layer2_out_53_V_reg_1482                                                                                  |  16|   0|   16|          0|
    |layer2_out_54_V_reg_1487                                                                                  |  16|   0|   16|          0|
    |layer2_out_55_V_reg_1492                                                                                  |  16|   0|   16|          0|
    |layer2_out_57_V_reg_1497                                                                                  |  16|   0|   16|          0|
    |layer2_out_58_V_reg_1502                                                                                  |  16|   0|   16|          0|
    |layer2_out_59_V_reg_1507                                                                                  |  16|   0|   16|          0|
    |layer2_out_5_V_reg_1262                                                                                   |  16|   0|   16|          0|
    |layer2_out_60_V_reg_1512                                                                                  |  16|   0|   16|          0|
    |layer2_out_61_V_reg_1517                                                                                  |  16|   0|   16|          0|
    |layer2_out_63_V_reg_1522                                                                                  |  16|   0|   16|          0|
    |layer2_out_6_V_reg_1267                                                                                   |  16|   0|   16|          0|
    |layer2_out_7_V_reg_1272                                                                                   |  16|   0|   16|          0|
    |layer2_out_8_V_reg_1277                                                                                   |  16|   0|   16|          0|
    |layer2_out_9_V_reg_1282                                                                                   |  16|   0|   16|          0|
    |layer4_out_0_V_reg_1527                                                                                   |   6|   0|    6|          0|
    |layer4_out_10_V_reg_1577                                                                                  |   6|   0|    6|          0|
    |layer4_out_12_V_reg_1582                                                                                  |   6|   0|    6|          0|
    |layer4_out_13_V_reg_1587                                                                                  |   6|   0|    6|          0|
    |layer4_out_14_V_reg_1592                                                                                  |   6|   0|    6|          0|
    |layer4_out_15_V_reg_1597                                                                                  |   6|   0|    6|          0|
    |layer4_out_16_V_reg_1602                                                                                  |   6|   0|    6|          0|
    |layer4_out_17_V_reg_1607                                                                                  |   6|   0|    6|          0|
    |layer4_out_18_V_reg_1612                                                                                  |   6|   0|    6|          0|
    |layer4_out_19_V_reg_1617                                                                                  |   6|   0|    6|          0|
    |layer4_out_1_V_reg_1532                                                                                   |   6|   0|    6|          0|
    |layer4_out_20_V_reg_1622                                                                                  |   6|   0|    6|          0|
    |layer4_out_21_V_reg_1627                                                                                  |   6|   0|    6|          0|
    |layer4_out_22_V_reg_1632                                                                                  |   6|   0|    6|          0|
    |layer4_out_23_V_reg_1637                                                                                  |   6|   0|    6|          0|
    |layer4_out_24_V_reg_1642                                                                                  |   6|   0|    6|          0|
    |layer4_out_25_V_reg_1647                                                                                  |   6|   0|    6|          0|
    |layer4_out_26_V_reg_1652                                                                                  |   6|   0|    6|          0|
    |layer4_out_27_V_reg_1657                                                                                  |   6|   0|    6|          0|
    |layer4_out_28_V_reg_1662                                                                                  |   6|   0|    6|          0|
    |layer4_out_29_V_reg_1667                                                                                  |   6|   0|    6|          0|
    |layer4_out_2_V_reg_1537                                                                                   |   6|   0|    6|          0|
    |layer4_out_30_V_reg_1672                                                                                  |   6|   0|    6|          0|
    |layer4_out_31_V_reg_1677                                                                                  |   6|   0|    6|          0|
    |layer4_out_32_V_reg_1682                                                                                  |   6|   0|    6|          0|
    |layer4_out_33_V_reg_1687                                                                                  |   6|   0|    6|          0|
    |layer4_out_35_V_reg_1692                                                                                  |   6|   0|    6|          0|
    |layer4_out_36_V_reg_1697                                                                                  |   6|   0|    6|          0|
    |layer4_out_37_V_reg_1702                                                                                  |   6|   0|    6|          0|
    |layer4_out_38_V_reg_1707                                                                                  |   6|   0|    6|          0|
    |layer4_out_39_V_reg_1712                                                                                  |   6|   0|    6|          0|
    |layer4_out_3_V_reg_1542                                                                                   |   6|   0|    6|          0|
    |layer4_out_40_V_reg_1717                                                                                  |   6|   0|    6|          0|
    |layer4_out_42_V_reg_1722                                                                                  |   6|   0|    6|          0|
    |layer4_out_43_V_reg_1727                                                                                  |   6|   0|    6|          0|
    |layer4_out_44_V_reg_1732                                                                                  |   6|   0|    6|          0|
    |layer4_out_45_V_reg_1737                                                                                  |   6|   0|    6|          0|
    |layer4_out_46_V_reg_1742                                                                                  |   6|   0|    6|          0|
    |layer4_out_48_V_reg_1747                                                                                  |   6|   0|    6|          0|
    |layer4_out_49_V_reg_1752                                                                                  |   6|   0|    6|          0|
    |layer4_out_4_V_reg_1547                                                                                   |   6|   0|    6|          0|
    |layer4_out_50_V_reg_1757                                                                                  |   6|   0|    6|          0|
    |layer4_out_51_V_reg_1762                                                                                  |   6|   0|    6|          0|
    |layer4_out_52_V_reg_1767                                                                                  |   6|   0|    6|          0|
    |layer4_out_53_V_reg_1772                                                                                  |   6|   0|    6|          0|
    |layer4_out_54_V_reg_1777                                                                                  |   6|   0|    6|          0|
    |layer4_out_55_V_reg_1782                                                                                  |   6|   0|    6|          0|
    |layer4_out_57_V_reg_1787                                                                                  |   6|   0|    6|          0|
    |layer4_out_58_V_reg_1792                                                                                  |   6|   0|    6|          0|
    |layer4_out_59_V_reg_1797                                                                                  |   6|   0|    6|          0|
    |layer4_out_5_V_reg_1552                                                                                   |   6|   0|    6|          0|
    |layer4_out_60_V_reg_1802                                                                                  |   6|   0|    6|          0|
    |layer4_out_61_V_reg_1807                                                                                  |   6|   0|    6|          0|
    |layer4_out_63_V_reg_1812                                                                                  |   6|   0|    6|          0|
    |layer4_out_6_V_reg_1557                                                                                   |   6|   0|    6|          0|
    |layer4_out_7_V_reg_1562                                                                                   |   6|   0|    6|          0|
    |layer4_out_8_V_reg_1567                                                                                   |   6|   0|    6|          0|
    |layer4_out_9_V_reg_1572                                                                                   |   6|   0|    6|          0|
    |layer5_out_0_V_reg_1817                                                                                   |  16|   0|   16|          0|
    |layer5_out_10_V_reg_1862                                                                                  |  16|   0|   16|          0|
    |layer5_out_11_V_reg_1867                                                                                  |  16|   0|   16|          0|
    |layer5_out_12_V_reg_1872                                                                                  |  16|   0|   16|          0|
    |layer5_out_13_V_reg_1877                                                                                  |  16|   0|   16|          0|
    |layer5_out_14_V_reg_1882                                                                                  |  16|   0|   16|          0|
    |layer5_out_15_V_reg_1887                                                                                  |  16|   0|   16|          0|
    |layer5_out_16_V_reg_1892                                                                                  |  16|   0|   16|          0|
    |layer5_out_17_V_reg_1897                                                                                  |  16|   0|   16|          0|
    |layer5_out_18_V_reg_1902                                                                                  |  16|   0|   16|          0|
    |layer5_out_19_V_reg_1907                                                                                  |  16|   0|   16|          0|
    |layer5_out_1_V_reg_1822                                                                                   |  16|   0|   16|          0|
    |layer5_out_20_V_reg_1912                                                                                  |  16|   0|   16|          0|
    |layer5_out_21_V_reg_1917                                                                                  |  16|   0|   16|          0|
    |layer5_out_22_V_reg_1922                                                                                  |  16|   0|   16|          0|
    |layer5_out_23_V_reg_1927                                                                                  |  16|   0|   16|          0|
    |layer5_out_24_V_reg_1932                                                                                  |  16|   0|   16|          0|
    |layer5_out_25_V_reg_1937                                                                                  |  16|   0|   16|          0|
    |layer5_out_26_V_reg_1942                                                                                  |  16|   0|   16|          0|
    |layer5_out_27_V_reg_1947                                                                                  |  16|   0|   16|          0|
    |layer5_out_28_V_reg_1952                                                                                  |  16|   0|   16|          0|
    |layer5_out_29_V_reg_1957                                                                                  |  16|   0|   16|          0|
    |layer5_out_2_V_reg_1827                                                                                   |  16|   0|   16|          0|
    |layer5_out_30_V_reg_1962                                                                                  |  16|   0|   16|          0|
    |layer5_out_31_V_reg_1967                                                                                  |  16|   0|   16|          0|
    |layer5_out_3_V_reg_1832                                                                                   |  16|   0|   16|          0|
    |layer5_out_4_V_reg_1837                                                                                   |  16|   0|   16|          0|
    |layer5_out_5_V_reg_1842                                                                                   |  16|   0|   16|          0|
    |layer5_out_6_V_reg_1847                                                                                   |  16|   0|   16|          0|
    |layer5_out_8_V_reg_1852                                                                                   |  16|   0|   16|          0|
    |layer5_out_9_V_reg_1857                                                                                   |  16|   0|   16|          0|
    |layer7_out_0_V_reg_1972                                                                                   |   6|   0|    6|          0|
    |layer7_out_10_V_reg_2017                                                                                  |   6|   0|    6|          0|
    |layer7_out_11_V_reg_2022                                                                                  |   6|   0|    6|          0|
    |layer7_out_12_V_reg_2027                                                                                  |   6|   0|    6|          0|
    |layer7_out_13_V_reg_2032                                                                                  |   6|   0|    6|          0|
    |layer7_out_14_V_reg_2037                                                                                  |   6|   0|    6|          0|
    |layer7_out_15_V_reg_2042                                                                                  |   6|   0|    6|          0|
    |layer7_out_16_V_reg_2047                                                                                  |   6|   0|    6|          0|
    |layer7_out_17_V_reg_2052                                                                                  |   6|   0|    6|          0|
    |layer7_out_18_V_reg_2057                                                                                  |   6|   0|    6|          0|
    |layer7_out_19_V_reg_2062                                                                                  |   6|   0|    6|          0|
    |layer7_out_1_V_reg_1977                                                                                   |   6|   0|    6|          0|
    |layer7_out_20_V_reg_2067                                                                                  |   6|   0|    6|          0|
    |layer7_out_21_V_reg_2072                                                                                  |   6|   0|    6|          0|
    |layer7_out_22_V_reg_2077                                                                                  |   6|   0|    6|          0|
    |layer7_out_23_V_reg_2082                                                                                  |   6|   0|    6|          0|
    |layer7_out_24_V_reg_2087                                                                                  |   6|   0|    6|          0|
    |layer7_out_25_V_reg_2092                                                                                  |   6|   0|    6|          0|
    |layer7_out_26_V_reg_2097                                                                                  |   6|   0|    6|          0|
    |layer7_out_27_V_reg_2102                                                                                  |   6|   0|    6|          0|
    |layer7_out_28_V_reg_2107                                                                                  |   6|   0|    6|          0|
    |layer7_out_29_V_reg_2112                                                                                  |   6|   0|    6|          0|
    |layer7_out_2_V_reg_1982                                                                                   |   6|   0|    6|          0|
    |layer7_out_30_V_reg_2117                                                                                  |   6|   0|    6|          0|
    |layer7_out_31_V_reg_2122                                                                                  |   6|   0|    6|          0|
    |layer7_out_3_V_reg_1987                                                                                   |   6|   0|    6|          0|
    |layer7_out_4_V_reg_1992                                                                                   |   6|   0|    6|          0|
    |layer7_out_5_V_reg_1997                                                                                   |   6|   0|    6|          0|
    |layer7_out_6_V_reg_2002                                                                                   |   6|   0|    6|          0|
    |layer7_out_8_V_reg_2007                                                                                   |   6|   0|    6|          0|
    |layer7_out_9_V_reg_2012                                                                                   |   6|   0|    6|          0|
    |layer8_out_0_V_reg_2127                                                                                   |  16|   0|   16|          0|
    |layer8_out_10_V_reg_2167                                                                                  |  16|   0|   16|          0|
    |layer8_out_13_V_reg_2172                                                                                  |  16|   0|   16|          0|
    |layer8_out_14_V_reg_2177                                                                                  |  16|   0|   16|          0|
    |layer8_out_15_V_reg_2182                                                                                  |  16|   0|   16|          0|
    |layer8_out_19_V_reg_2187                                                                                  |  16|   0|   16|          0|
    |layer8_out_1_V_reg_2132                                                                                   |  16|   0|   16|          0|
    |layer8_out_20_V_reg_2192                                                                                  |  16|   0|   16|          0|
    |layer8_out_21_V_reg_2197                                                                                  |  16|   0|   16|          0|
    |layer8_out_22_V_reg_2202                                                                                  |  16|   0|   16|          0|
    |layer8_out_23_V_reg_2207                                                                                  |  16|   0|   16|          0|
    |layer8_out_24_V_reg_2212                                                                                  |  16|   0|   16|          0|
    |layer8_out_25_V_reg_2217                                                                                  |  16|   0|   16|          0|
    |layer8_out_26_V_reg_2222                                                                                  |  16|   0|   16|          0|
    |layer8_out_27_V_reg_2227                                                                                  |  16|   0|   16|          0|
    |layer8_out_28_V_reg_2232                                                                                  |  16|   0|   16|          0|
    |layer8_out_29_V_reg_2237                                                                                  |  16|   0|   16|          0|
    |layer8_out_2_V_reg_2137                                                                                   |  16|   0|   16|          0|
    |layer8_out_30_V_reg_2242                                                                                  |  16|   0|   16|          0|
    |layer8_out_3_V_reg_2142                                                                                   |  16|   0|   16|          0|
    |layer8_out_4_V_reg_2147                                                                                   |  16|   0|   16|          0|
    |layer8_out_7_V_reg_2152                                                                                   |  16|   0|   16|          0|
    |layer8_out_8_V_reg_2157                                                                                   |  16|   0|   16|          0|
    |layer8_out_9_V_reg_2162                                                                                   |  16|   0|   16|          0|
    +----------------------------------------------------------------------------------------------------------+----+----+-----+-----------+
    |Total                                                                                                     |2591|   0| 2591|          0|
    +----------------------------------------------------------------------------------------------------------+----+----+-----+-----------+



================================================================
== Interface
================================================================
* Summary: 
+--------------------+-----+-----+------------+--------------+--------------+
|      RTL Ports     | Dir | Bits|  Protocol  | Source Object|    C Type    |
+--------------------+-----+-----+------------+--------------+--------------+
|ap_clk              |  in |    1| ap_ctrl_hs |   myproject  | return value |
|ap_rst              |  in |    1| ap_ctrl_hs |   myproject  | return value |
|ap_start            |  in |    1| ap_ctrl_hs |   myproject  | return value |
|ap_done             | out |    1| ap_ctrl_hs |   myproject  | return value |
|ap_idle             | out |    1| ap_ctrl_hs |   myproject  | return value |
|ap_ready            | out |    1| ap_ctrl_hs |   myproject  | return value |
|ap_return_0         | out |   16| ap_ctrl_hs |   myproject  | return value |
|ap_return_1         | out |   16| ap_ctrl_hs |   myproject  | return value |
|ap_return_2         | out |   16| ap_ctrl_hs |   myproject  | return value |
|ap_return_3         | out |   16| ap_ctrl_hs |   myproject  | return value |
|ap_return_4         | out |   16| ap_ctrl_hs |   myproject  | return value |
|fc1_input_V_blk_n   | out |    1| ap_ctrl_hs |   myproject  | return value |
|fc1_input_V         |  in |  256|   ap_vld   |  fc1_input_V |    pointer   |
|fc1_input_V_ap_vld  |  in |    1|   ap_vld   |  fc1_input_V |    pointer   |
+--------------------+-----+-----+------------+--------------+--------------+

