

================================================================
== Vivado HLS Report for 'relu_ap_fixed_16_6_5_3_0_ap_ufixed_6_0_4_0_0_relu_config4_s'
================================================================
* Date:           Sun Apr  7 11:30:40 2024

* Version:        2019.1 (Build 2552052 on Fri May 24 15:28:33 MDT 2019)
* Project:        myproject_prj
* Solution:       solution1
* Product family: zynq
* Target device:  xc7z020-clg400-1


================================================================
== Performance Estimates
================================================================
+ Timing (ns): 
    * Summary: 
    +--------+-------+----------+------------+
    |  Clock | Target| Estimated| Uncertainty|
    +--------+-------+----------+------------+
    |ap_clk  |   5.00|     4.144|        0.62|
    +--------+-------+----------+------------+

+ Latency (clock cycles): 
    * Summary: 
    +-----+-----+-----+-----+----------+
    |  Latency  |  Interval | Pipeline |
    | min | max | min | max |   Type   |
    +-----+-----+-----+-----+----------+
    |    0|    0|    1|    1| function |
    +-----+-----+-----+-----+----------+

    + Detail: 
        * Instance: 
        N/A

        * Loop: 
        N/A



================================================================
== Utilization Estimates
================================================================
* Summary: 
+-----------------+---------+-------+--------+-------+-----+
|       Name      | BRAM_18K| DSP48E|   FF   |  LUT  | URAM|
+-----------------+---------+-------+--------+-------+-----+
|DSP              |        -|      -|       -|      -|    -|
|Expression       |        -|      -|       0|   4698|    -|
|FIFO             |        -|      -|       -|      -|    -|
|Instance         |        -|      -|       -|      -|    -|
|Memory           |        -|      -|       -|      -|    -|
|Multiplexer      |        -|      -|       -|      -|    -|
|Register         |        -|      -|       -|      -|    -|
+-----------------+---------+-------+--------+-------+-----+
|Total            |        0|      0|       0|   4698|    0|
+-----------------+---------+-------+--------+-------+-----+
|Available        |      280|    220|  106400|  53200|    0|
+-----------------+---------+-------+--------+-------+-----+
|Utilization (%)  |        0|      0|       0|      8|    0|
+-----------------+---------+-------+--------+-------+-----+

+ Detail: 
    * Instance: 
    N/A

    * DSP48E: 
    N/A

    * Memory: 
    N/A

    * FIFO: 
    N/A

    * Expression: 
    +-----------------------------+----------+-------+---+----+------------+------------+
    |        Variable Name        | Operation| DSP48E| FF| LUT| Bitwidth P0| Bitwidth P1|
    +-----------------------------+----------+-------+---+----+------------+------------+
    |add_ln415_31_fu_710_p2       |     +    |      0|  0|  15|           6|           6|
    |add_ln415_32_fu_848_p2       |     +    |      0|  0|  15|           6|           6|
    |add_ln415_33_fu_986_p2       |     +    |      0|  0|  15|           6|           6|
    |add_ln415_34_fu_1124_p2      |     +    |      0|  0|  15|           6|           6|
    |add_ln415_35_fu_1262_p2      |     +    |      0|  0|  15|           6|           6|
    |add_ln415_36_fu_1400_p2      |     +    |      0|  0|  15|           6|           6|
    |add_ln415_37_fu_1538_p2      |     +    |      0|  0|  15|           6|           6|
    |add_ln415_38_fu_1676_p2      |     +    |      0|  0|  15|           6|           6|
    |add_ln415_39_fu_1814_p2      |     +    |      0|  0|  15|           6|           6|
    |add_ln415_40_fu_1952_p2      |     +    |      0|  0|  15|           6|           6|
    |add_ln415_41_fu_2090_p2      |     +    |      0|  0|  15|           6|           6|
    |add_ln415_42_fu_2228_p2      |     +    |      0|  0|  15|           6|           6|
    |add_ln415_43_fu_2366_p2      |     +    |      0|  0|  15|           6|           6|
    |add_ln415_44_fu_2504_p2      |     +    |      0|  0|  15|           6|           6|
    |add_ln415_45_fu_2642_p2      |     +    |      0|  0|  15|           6|           6|
    |add_ln415_46_fu_2780_p2      |     +    |      0|  0|  15|           6|           6|
    |add_ln415_47_fu_2918_p2      |     +    |      0|  0|  15|           6|           6|
    |add_ln415_48_fu_3056_p2      |     +    |      0|  0|  15|           6|           6|
    |add_ln415_49_fu_3194_p2      |     +    |      0|  0|  15|           6|           6|
    |add_ln415_50_fu_3332_p2      |     +    |      0|  0|  15|           6|           6|
    |add_ln415_51_fu_3470_p2      |     +    |      0|  0|  15|           6|           6|
    |add_ln415_52_fu_3608_p2      |     +    |      0|  0|  15|           6|           6|
    |add_ln415_53_fu_3746_p2      |     +    |      0|  0|  15|           6|           6|
    |add_ln415_54_fu_3884_p2      |     +    |      0|  0|  15|           6|           6|
    |add_ln415_55_fu_4022_p2      |     +    |      0|  0|  15|           6|           6|
    |add_ln415_56_fu_4160_p2      |     +    |      0|  0|  15|           6|           6|
    |add_ln415_57_fu_4298_p2      |     +    |      0|  0|  15|           6|           6|
    |add_ln415_58_fu_4436_p2      |     +    |      0|  0|  15|           6|           6|
    |add_ln415_59_fu_4574_p2      |     +    |      0|  0|  15|           6|           6|
    |add_ln415_60_fu_4712_p2      |     +    |      0|  0|  15|           6|           6|
    |add_ln415_61_fu_4850_p2      |     +    |      0|  0|  15|           6|           6|
    |add_ln415_62_fu_4988_p2      |     +    |      0|  0|  15|           6|           6|
    |add_ln415_63_fu_5126_p2      |     +    |      0|  0|  15|           6|           6|
    |add_ln415_64_fu_5264_p2      |     +    |      0|  0|  15|           6|           6|
    |add_ln415_65_fu_5402_p2      |     +    |      0|  0|  15|           6|           6|
    |add_ln415_66_fu_5540_p2      |     +    |      0|  0|  15|           6|           6|
    |add_ln415_67_fu_5678_p2      |     +    |      0|  0|  15|           6|           6|
    |add_ln415_68_fu_5816_p2      |     +    |      0|  0|  15|           6|           6|
    |add_ln415_69_fu_5954_p2      |     +    |      0|  0|  15|           6|           6|
    |add_ln415_70_fu_6092_p2      |     +    |      0|  0|  15|           6|           6|
    |add_ln415_71_fu_6230_p2      |     +    |      0|  0|  15|           6|           6|
    |add_ln415_72_fu_6368_p2      |     +    |      0|  0|  15|           6|           6|
    |add_ln415_73_fu_6506_p2      |     +    |      0|  0|  15|           6|           6|
    |add_ln415_74_fu_6644_p2      |     +    |      0|  0|  15|           6|           6|
    |add_ln415_75_fu_6782_p2      |     +    |      0|  0|  15|           6|           6|
    |add_ln415_76_fu_6920_p2      |     +    |      0|  0|  15|           6|           6|
    |add_ln415_77_fu_7058_p2      |     +    |      0|  0|  15|           6|           6|
    |add_ln415_78_fu_7196_p2      |     +    |      0|  0|  15|           6|           6|
    |add_ln415_79_fu_7334_p2      |     +    |      0|  0|  15|           6|           6|
    |add_ln415_80_fu_7472_p2      |     +    |      0|  0|  15|           6|           6|
    |add_ln415_81_fu_7610_p2      |     +    |      0|  0|  15|           6|           6|
    |add_ln415_82_fu_7748_p2      |     +    |      0|  0|  15|           6|           6|
    |add_ln415_83_fu_7886_p2      |     +    |      0|  0|  15|           6|           6|
    |add_ln415_84_fu_8024_p2      |     +    |      0|  0|  15|           6|           6|
    |add_ln415_85_fu_8162_p2      |     +    |      0|  0|  15|           6|           6|
    |add_ln415_86_fu_8300_p2      |     +    |      0|  0|  15|           6|           6|
    |add_ln415_87_fu_8438_p2      |     +    |      0|  0|  15|           6|           6|
    |add_ln415_fu_572_p2          |     +    |      0|  0|  15|           6|           6|
    |and_ln415_10_fu_1942_p2      |    and   |      0|  0|   2|           1|           1|
    |and_ln415_12_fu_2080_p2      |    and   |      0|  0|   2|           1|           1|
    |and_ln415_13_fu_2218_p2      |    and   |      0|  0|   2|           1|           1|
    |and_ln415_14_fu_2356_p2      |    and   |      0|  0|   2|           1|           1|
    |and_ln415_15_fu_2494_p2      |    and   |      0|  0|   2|           1|           1|
    |and_ln415_16_fu_2632_p2      |    and   |      0|  0|   2|           1|           1|
    |and_ln415_17_fu_2770_p2      |    and   |      0|  0|   2|           1|           1|
    |and_ln415_18_fu_2908_p2      |    and   |      0|  0|   2|           1|           1|
    |and_ln415_19_fu_3046_p2      |    and   |      0|  0|   2|           1|           1|
    |and_ln415_1_fu_700_p2        |    and   |      0|  0|   2|           1|           1|
    |and_ln415_20_fu_3184_p2      |    and   |      0|  0|   2|           1|           1|
    |and_ln415_21_fu_3322_p2      |    and   |      0|  0|   2|           1|           1|
    |and_ln415_22_fu_3460_p2      |    and   |      0|  0|   2|           1|           1|
    |and_ln415_23_fu_3598_p2      |    and   |      0|  0|   2|           1|           1|
    |and_ln415_24_fu_3736_p2      |    and   |      0|  0|   2|           1|           1|
    |and_ln415_25_fu_3874_p2      |    and   |      0|  0|   2|           1|           1|
    |and_ln415_26_fu_4012_p2      |    and   |      0|  0|   2|           1|           1|
    |and_ln415_27_fu_4150_p2      |    and   |      0|  0|   2|           1|           1|
    |and_ln415_28_fu_4288_p2      |    and   |      0|  0|   2|           1|           1|
    |and_ln415_29_fu_4426_p2      |    and   |      0|  0|   2|           1|           1|
    |and_ln415_2_fu_838_p2        |    and   |      0|  0|   2|           1|           1|
    |and_ln415_30_fu_4564_p2      |    and   |      0|  0|   2|           1|           1|
    |and_ln415_31_fu_4702_p2      |    and   |      0|  0|   2|           1|           1|
    |and_ln415_32_fu_4840_p2      |    and   |      0|  0|   2|           1|           1|
    |and_ln415_33_fu_4978_p2      |    and   |      0|  0|   2|           1|           1|
    |and_ln415_34_fu_5116_p2      |    and   |      0|  0|   2|           1|           1|
    |and_ln415_35_fu_5254_p2      |    and   |      0|  0|   2|           1|           1|
    |and_ln415_36_fu_5392_p2      |    and   |      0|  0|   2|           1|           1|
    |and_ln415_37_fu_5530_p2      |    and   |      0|  0|   2|           1|           1|
    |and_ln415_38_fu_5668_p2      |    and   |      0|  0|   2|           1|           1|
    |and_ln415_39_fu_5806_p2      |    and   |      0|  0|   2|           1|           1|
    |and_ln415_3_fu_976_p2        |    and   |      0|  0|   2|           1|           1|
    |and_ln415_40_fu_5944_p2      |    and   |      0|  0|   2|           1|           1|
    |and_ln415_41_fu_6082_p2      |    and   |      0|  0|   2|           1|           1|
    |and_ln415_42_fu_6220_p2      |    and   |      0|  0|   2|           1|           1|
    |and_ln415_43_fu_6358_p2      |    and   |      0|  0|   2|           1|           1|
    |and_ln415_44_fu_6496_p2      |    and   |      0|  0|   2|           1|           1|
    |and_ln415_45_fu_6634_p2      |    and   |      0|  0|   2|           1|           1|
    |and_ln415_46_fu_6772_p2      |    and   |      0|  0|   2|           1|           1|
    |and_ln415_47_fu_6910_p2      |    and   |      0|  0|   2|           1|           1|
    |and_ln415_48_fu_7048_p2      |    and   |      0|  0|   2|           1|           1|
    |and_ln415_49_fu_7186_p2      |    and   |      0|  0|   2|           1|           1|
    |and_ln415_4_fu_1114_p2       |    and   |      0|  0|   2|           1|           1|
    |and_ln415_50_fu_7324_p2      |    and   |      0|  0|   2|           1|           1|
    |and_ln415_51_fu_7462_p2      |    and   |      0|  0|   2|           1|           1|
    |and_ln415_52_fu_7600_p2      |    and   |      0|  0|   2|           1|           1|
    |and_ln415_53_fu_7738_p2      |    and   |      0|  0|   2|           1|           1|
    |and_ln415_54_fu_7876_p2      |    and   |      0|  0|   2|           1|           1|
    |and_ln415_55_fu_8014_p2      |    and   |      0|  0|   2|           1|           1|
    |and_ln415_56_fu_8152_p2      |    and   |      0|  0|   2|           1|           1|
    |and_ln415_57_fu_8290_p2      |    and   |      0|  0|   2|           1|           1|
    |and_ln415_58_fu_8428_p2      |    and   |      0|  0|   2|           1|           1|
    |and_ln415_5_fu_1252_p2       |    and   |      0|  0|   2|           1|           1|
    |and_ln415_6_fu_1390_p2       |    and   |      0|  0|   2|           1|           1|
    |and_ln415_7_fu_1528_p2       |    and   |      0|  0|   2|           1|           1|
    |and_ln415_8_fu_1666_p2       |    and   |      0|  0|   2|           1|           1|
    |and_ln415_9_fu_1804_p2       |    and   |      0|  0|   2|           1|           1|
    |and_ln415_fu_562_p2          |    and   |      0|  0|   2|           1|           1|
    |and_ln416_31_fu_730_p2       |    and   |      0|  0|   2|           1|           1|
    |and_ln416_32_fu_868_p2       |    and   |      0|  0|   2|           1|           1|
    |and_ln416_33_fu_1006_p2      |    and   |      0|  0|   2|           1|           1|
    |and_ln416_34_fu_1144_p2      |    and   |      0|  0|   2|           1|           1|
    |and_ln416_35_fu_1282_p2      |    and   |      0|  0|   2|           1|           1|
    |and_ln416_36_fu_1420_p2      |    and   |      0|  0|   2|           1|           1|
    |and_ln416_37_fu_1558_p2      |    and   |      0|  0|   2|           1|           1|
    |and_ln416_38_fu_1696_p2      |    and   |      0|  0|   2|           1|           1|
    |and_ln416_39_fu_1834_p2      |    and   |      0|  0|   2|           1|           1|
    |and_ln416_40_fu_1972_p2      |    and   |      0|  0|   2|           1|           1|
    |and_ln416_41_fu_2110_p2      |    and   |      0|  0|   2|           1|           1|
    |and_ln416_42_fu_2248_p2      |    and   |      0|  0|   2|           1|           1|
    |and_ln416_43_fu_2386_p2      |    and   |      0|  0|   2|           1|           1|
    |and_ln416_44_fu_2524_p2      |    and   |      0|  0|   2|           1|           1|
    |and_ln416_45_fu_2662_p2      |    and   |      0|  0|   2|           1|           1|
    |and_ln416_46_fu_2800_p2      |    and   |      0|  0|   2|           1|           1|
    |and_ln416_47_fu_2938_p2      |    and   |      0|  0|   2|           1|           1|
    |and_ln416_48_fu_3076_p2      |    and   |      0|  0|   2|           1|           1|
    |and_ln416_49_fu_3214_p2      |    and   |      0|  0|   2|           1|           1|
    |and_ln416_50_fu_3352_p2      |    and   |      0|  0|   2|           1|           1|
    |and_ln416_51_fu_3490_p2      |    and   |      0|  0|   2|           1|           1|
    |and_ln416_52_fu_3628_p2      |    and   |      0|  0|   2|           1|           1|
    |and_ln416_53_fu_3766_p2      |    and   |      0|  0|   2|           1|           1|
    |and_ln416_54_fu_3904_p2      |    and   |      0|  0|   2|           1|           1|
    |and_ln416_55_fu_4042_p2      |    and   |      0|  0|   2|           1|           1|
    |and_ln416_56_fu_4180_p2      |    and   |      0|  0|   2|           1|           1|
    |and_ln416_57_fu_4318_p2      |    and   |      0|  0|   2|           1|           1|
    |and_ln416_58_fu_4456_p2      |    and   |      0|  0|   2|           1|           1|
    |and_ln416_59_fu_4594_p2      |    and   |      0|  0|   2|           1|           1|
    |and_ln416_60_fu_4732_p2      |    and   |      0|  0|   2|           1|           1|
    |and_ln416_61_fu_4870_p2      |    and   |      0|  0|   2|           1|           1|
    |and_ln416_62_fu_5008_p2      |    and   |      0|  0|   2|           1|           1|
    |and_ln416_63_fu_5146_p2      |    and   |      0|  0|   2|           1|           1|
    |and_ln416_64_fu_5284_p2      |    and   |      0|  0|   2|           1|           1|
    |and_ln416_65_fu_5422_p2      |    and   |      0|  0|   2|           1|           1|
    |and_ln416_66_fu_5560_p2      |    and   |      0|  0|   2|           1|           1|
    |and_ln416_67_fu_5698_p2      |    and   |      0|  0|   2|           1|           1|
    |and_ln416_68_fu_5836_p2      |    and   |      0|  0|   2|           1|           1|
    |and_ln416_69_fu_5974_p2      |    and   |      0|  0|   2|           1|           1|
    |and_ln416_70_fu_6112_p2      |    and   |      0|  0|   2|           1|           1|
    |and_ln416_71_fu_6250_p2      |    and   |      0|  0|   2|           1|           1|
    |and_ln416_72_fu_6388_p2      |    and   |      0|  0|   2|           1|           1|
    |and_ln416_73_fu_6526_p2      |    and   |      0|  0|   2|           1|           1|
    |and_ln416_74_fu_6664_p2      |    and   |      0|  0|   2|           1|           1|
    |and_ln416_75_fu_6802_p2      |    and   |      0|  0|   2|           1|           1|
    |and_ln416_76_fu_6940_p2      |    and   |      0|  0|   2|           1|           1|
    |and_ln416_77_fu_7078_p2      |    and   |      0|  0|   2|           1|           1|
    |and_ln416_78_fu_7216_p2      |    and   |      0|  0|   2|           1|           1|
    |and_ln416_79_fu_7354_p2      |    and   |      0|  0|   2|           1|           1|
    |and_ln416_80_fu_7492_p2      |    and   |      0|  0|   2|           1|           1|
    |and_ln416_81_fu_7630_p2      |    and   |      0|  0|   2|           1|           1|
    |and_ln416_82_fu_7768_p2      |    and   |      0|  0|   2|           1|           1|
    |and_ln416_83_fu_7906_p2      |    and   |      0|  0|   2|           1|           1|
    |and_ln416_84_fu_8044_p2      |    and   |      0|  0|   2|           1|           1|
    |and_ln416_85_fu_8182_p2      |    and   |      0|  0|   2|           1|           1|
    |and_ln416_86_fu_8320_p2      |    and   |      0|  0|   2|           1|           1|
    |and_ln416_87_fu_8458_p2      |    and   |      0|  0|   2|           1|           1|
    |and_ln416_fu_592_p2          |    and   |      0|  0|   2|           1|           1|
    |icmp_ln1494_10_fu_1886_p2    |   icmp   |      0|  0|  13|          16|           1|
    |icmp_ln1494_12_fu_2024_p2    |   icmp   |      0|  0|  13|          16|           1|
    |icmp_ln1494_13_fu_2162_p2    |   icmp   |      0|  0|  13|          16|           1|
    |icmp_ln1494_14_fu_2300_p2    |   icmp   |      0|  0|  13|          16|           1|
    |icmp_ln1494_15_fu_2438_p2    |   icmp   |      0|  0|  13|          16|           1|
    |icmp_ln1494_16_fu_2576_p2    |   icmp   |      0|  0|  13|          16|           1|
    |icmp_ln1494_17_fu_2714_p2    |   icmp   |      0|  0|  13|          16|           1|
    |icmp_ln1494_18_fu_2852_p2    |   icmp   |      0|  0|  13|          16|           1|
    |icmp_ln1494_19_fu_2990_p2    |   icmp   |      0|  0|  13|          16|           1|
    |icmp_ln1494_1_fu_644_p2      |   icmp   |      0|  0|  13|          16|           1|
    |icmp_ln1494_20_fu_3128_p2    |   icmp   |      0|  0|  13|          16|           1|
    |icmp_ln1494_21_fu_3266_p2    |   icmp   |      0|  0|  13|          16|           1|
    |icmp_ln1494_22_fu_3404_p2    |   icmp   |      0|  0|  13|          16|           1|
    |icmp_ln1494_23_fu_3542_p2    |   icmp   |      0|  0|  13|          16|           1|
    |icmp_ln1494_24_fu_3680_p2    |   icmp   |      0|  0|  13|          16|           1|
    |icmp_ln1494_25_fu_3818_p2    |   icmp   |      0|  0|  13|          16|           1|
    |icmp_ln1494_26_fu_3956_p2    |   icmp   |      0|  0|  13|          16|           1|
    |icmp_ln1494_27_fu_4094_p2    |   icmp   |      0|  0|  13|          16|           1|
    |icmp_ln1494_28_fu_4232_p2    |   icmp   |      0|  0|  13|          16|           1|
    |icmp_ln1494_29_fu_4370_p2    |   icmp   |      0|  0|  13|          16|           1|
    |icmp_ln1494_2_fu_782_p2      |   icmp   |      0|  0|  13|          16|           1|
    |icmp_ln1494_30_fu_4508_p2    |   icmp   |      0|  0|  13|          16|           1|
    |icmp_ln1494_31_fu_4646_p2    |   icmp   |      0|  0|  13|          16|           1|
    |icmp_ln1494_32_fu_4784_p2    |   icmp   |      0|  0|  13|          16|           1|
    |icmp_ln1494_33_fu_4922_p2    |   icmp   |      0|  0|  13|          16|           1|
    |icmp_ln1494_34_fu_5060_p2    |   icmp   |      0|  0|  13|          16|           1|
    |icmp_ln1494_35_fu_5198_p2    |   icmp   |      0|  0|  13|          16|           1|
    |icmp_ln1494_36_fu_5336_p2    |   icmp   |      0|  0|  13|          16|           1|
    |icmp_ln1494_37_fu_5474_p2    |   icmp   |      0|  0|  13|          16|           1|
    |icmp_ln1494_38_fu_5612_p2    |   icmp   |      0|  0|  13|          16|           1|
    |icmp_ln1494_39_fu_5750_p2    |   icmp   |      0|  0|  13|          16|           1|
    |icmp_ln1494_3_fu_920_p2      |   icmp   |      0|  0|  13|          16|           1|
    |icmp_ln1494_40_fu_5888_p2    |   icmp   |      0|  0|  13|          16|           1|
    |icmp_ln1494_41_fu_6026_p2    |   icmp   |      0|  0|  13|          16|           1|
    |icmp_ln1494_42_fu_6164_p2    |   icmp   |      0|  0|  13|          16|           1|
    |icmp_ln1494_43_fu_6302_p2    |   icmp   |      0|  0|  13|          16|           1|
    |icmp_ln1494_44_fu_6440_p2    |   icmp   |      0|  0|  13|          16|           1|
    |icmp_ln1494_45_fu_6578_p2    |   icmp   |      0|  0|  13|          16|           1|
    |icmp_ln1494_46_fu_6716_p2    |   icmp   |      0|  0|  13|          16|           1|
    |icmp_ln1494_47_fu_6854_p2    |   icmp   |      0|  0|  13|          16|           1|
    |icmp_ln1494_48_fu_6992_p2    |   icmp   |      0|  0|  13|          16|           1|
    |icmp_ln1494_49_fu_7130_p2    |   icmp   |      0|  0|  13|          16|           1|
    |icmp_ln1494_4_fu_1058_p2     |   icmp   |      0|  0|  13|          16|           1|
    |icmp_ln1494_50_fu_7268_p2    |   icmp   |      0|  0|  13|          16|           1|
    |icmp_ln1494_51_fu_7406_p2    |   icmp   |      0|  0|  13|          16|           1|
    |icmp_ln1494_52_fu_7544_p2    |   icmp   |      0|  0|  13|          16|           1|
    |icmp_ln1494_53_fu_7682_p2    |   icmp   |      0|  0|  13|          16|           1|
    |icmp_ln1494_54_fu_7820_p2    |   icmp   |      0|  0|  13|          16|           1|
    |icmp_ln1494_55_fu_7958_p2    |   icmp   |      0|  0|  13|          16|           1|
    |icmp_ln1494_56_fu_8096_p2    |   icmp   |      0|  0|  13|          16|           1|
    |icmp_ln1494_57_fu_8234_p2    |   icmp   |      0|  0|  13|          16|           1|
    |icmp_ln1494_58_fu_8372_p2    |   icmp   |      0|  0|  13|          16|           1|
    |icmp_ln1494_5_fu_1196_p2     |   icmp   |      0|  0|  13|          16|           1|
    |icmp_ln1494_6_fu_1334_p2     |   icmp   |      0|  0|  13|          16|           1|
    |icmp_ln1494_7_fu_1472_p2     |   icmp   |      0|  0|  13|          16|           1|
    |icmp_ln1494_8_fu_1610_p2     |   icmp   |      0|  0|  13|          16|           1|
    |icmp_ln1494_9_fu_1748_p2     |   icmp   |      0|  0|  13|          16|           1|
    |icmp_ln1494_fu_506_p2        |   icmp   |      0|  0|  13|          16|           1|
    |icmp_ln718_31_fu_672_p2      |   icmp   |      0|  0|   9|           3|           1|
    |icmp_ln718_32_fu_810_p2      |   icmp   |      0|  0|   9|           3|           1|
    |icmp_ln718_33_fu_948_p2      |   icmp   |      0|  0|   9|           3|           1|
    |icmp_ln718_34_fu_1086_p2     |   icmp   |      0|  0|   9|           3|           1|
    |icmp_ln718_35_fu_1224_p2     |   icmp   |      0|  0|   9|           3|           1|
    |icmp_ln718_36_fu_1362_p2     |   icmp   |      0|  0|   9|           3|           1|
    |icmp_ln718_37_fu_1500_p2     |   icmp   |      0|  0|   9|           3|           1|
    |icmp_ln718_38_fu_1638_p2     |   icmp   |      0|  0|   9|           3|           1|
    |icmp_ln718_39_fu_1776_p2     |   icmp   |      0|  0|   9|           3|           1|
    |icmp_ln718_40_fu_1914_p2     |   icmp   |      0|  0|   9|           3|           1|
    |icmp_ln718_41_fu_2052_p2     |   icmp   |      0|  0|   9|           3|           1|
    |icmp_ln718_42_fu_2190_p2     |   icmp   |      0|  0|   9|           3|           1|
    |icmp_ln718_43_fu_2328_p2     |   icmp   |      0|  0|   9|           3|           1|
    |icmp_ln718_44_fu_2466_p2     |   icmp   |      0|  0|   9|           3|           1|
    |icmp_ln718_45_fu_2604_p2     |   icmp   |      0|  0|   9|           3|           1|
    |icmp_ln718_46_fu_2742_p2     |   icmp   |      0|  0|   9|           3|           1|
    |icmp_ln718_47_fu_2880_p2     |   icmp   |      0|  0|   9|           3|           1|
    |icmp_ln718_48_fu_3018_p2     |   icmp   |      0|  0|   9|           3|           1|
    |icmp_ln718_49_fu_3156_p2     |   icmp   |      0|  0|   9|           3|           1|
    |icmp_ln718_50_fu_3294_p2     |   icmp   |      0|  0|   9|           3|           1|
    |icmp_ln718_51_fu_3432_p2     |   icmp   |      0|  0|   9|           3|           1|
    |icmp_ln718_52_fu_3570_p2     |   icmp   |      0|  0|   9|           3|           1|
    |icmp_ln718_53_fu_3708_p2     |   icmp   |      0|  0|   9|           3|           1|
    |icmp_ln718_54_fu_3846_p2     |   icmp   |      0|  0|   9|           3|           1|
    |icmp_ln718_55_fu_3984_p2     |   icmp   |      0|  0|   9|           3|           1|
    |icmp_ln718_56_fu_4122_p2     |   icmp   |      0|  0|   9|           3|           1|
    |icmp_ln718_57_fu_4260_p2     |   icmp   |      0|  0|   9|           3|           1|
    |icmp_ln718_58_fu_4398_p2     |   icmp   |      0|  0|   9|           3|           1|
    |icmp_ln718_59_fu_4536_p2     |   icmp   |      0|  0|   9|           3|           1|
    |icmp_ln718_60_fu_4674_p2     |   icmp   |      0|  0|   9|           3|           1|
    |icmp_ln718_61_fu_4812_p2     |   icmp   |      0|  0|   9|           3|           1|
    |icmp_ln718_62_fu_4950_p2     |   icmp   |      0|  0|   9|           3|           1|
    |icmp_ln718_63_fu_5088_p2     |   icmp   |      0|  0|   9|           3|           1|
    |icmp_ln718_64_fu_5226_p2     |   icmp   |      0|  0|   9|           3|           1|
    |icmp_ln718_65_fu_5364_p2     |   icmp   |      0|  0|   9|           3|           1|
    |icmp_ln718_66_fu_5502_p2     |   icmp   |      0|  0|   9|           3|           1|
    |icmp_ln718_67_fu_5640_p2     |   icmp   |      0|  0|   9|           3|           1|
    |icmp_ln718_68_fu_5778_p2     |   icmp   |      0|  0|   9|           3|           1|
    |icmp_ln718_69_fu_5916_p2     |   icmp   |      0|  0|   9|           3|           1|
    |icmp_ln718_70_fu_6054_p2     |   icmp   |      0|  0|   9|           3|           1|
    |icmp_ln718_71_fu_6192_p2     |   icmp   |      0|  0|   9|           3|           1|
    |icmp_ln718_72_fu_6330_p2     |   icmp   |      0|  0|   9|           3|           1|
    |icmp_ln718_73_fu_6468_p2     |   icmp   |      0|  0|   9|           3|           1|
    |icmp_ln718_74_fu_6606_p2     |   icmp   |      0|  0|   9|           3|           1|
    |icmp_ln718_75_fu_6744_p2     |   icmp   |      0|  0|   9|           3|           1|
    |icmp_ln718_76_fu_6882_p2     |   icmp   |      0|  0|   9|           3|           1|
    |icmp_ln718_77_fu_7020_p2     |   icmp   |      0|  0|   9|           3|           1|
    |icmp_ln718_78_fu_7158_p2     |   icmp   |      0|  0|   9|           3|           1|
    |icmp_ln718_79_fu_7296_p2     |   icmp   |      0|  0|   9|           3|           1|
    |icmp_ln718_80_fu_7434_p2     |   icmp   |      0|  0|   9|           3|           1|
    |icmp_ln718_81_fu_7572_p2     |   icmp   |      0|  0|   9|           3|           1|
    |icmp_ln718_82_fu_7710_p2     |   icmp   |      0|  0|   9|           3|           1|
    |icmp_ln718_83_fu_7848_p2     |   icmp   |      0|  0|   9|           3|           1|
    |icmp_ln718_84_fu_7986_p2     |   icmp   |      0|  0|   9|           3|           1|
    |icmp_ln718_85_fu_8124_p2     |   icmp   |      0|  0|   9|           3|           1|
    |icmp_ln718_86_fu_8262_p2     |   icmp   |      0|  0|   9|           3|           1|
    |icmp_ln718_87_fu_8400_p2     |   icmp   |      0|  0|   9|           3|           1|
    |icmp_ln718_fu_534_p2         |   icmp   |      0|  0|   9|           3|           1|
    |icmp_ln768_31_fu_752_p2      |   icmp   |      0|  0|  11|           6|           1|
    |icmp_ln768_32_fu_890_p2      |   icmp   |      0|  0|  11|           6|           1|
    |icmp_ln768_33_fu_1028_p2     |   icmp   |      0|  0|  11|           6|           1|
    |icmp_ln768_34_fu_1166_p2     |   icmp   |      0|  0|  11|           6|           1|
    |icmp_ln768_35_fu_1304_p2     |   icmp   |      0|  0|  11|           6|           1|
    |icmp_ln768_36_fu_1442_p2     |   icmp   |      0|  0|  11|           6|           1|
    |icmp_ln768_37_fu_1580_p2     |   icmp   |      0|  0|  11|           6|           1|
    |icmp_ln768_38_fu_1718_p2     |   icmp   |      0|  0|  11|           6|           1|
    |icmp_ln768_39_fu_1856_p2     |   icmp   |      0|  0|  11|           6|           1|
    |icmp_ln768_40_fu_1994_p2     |   icmp   |      0|  0|  11|           6|           1|
    |icmp_ln768_41_fu_2132_p2     |   icmp   |      0|  0|  11|           6|           1|
    |icmp_ln768_42_fu_2270_p2     |   icmp   |      0|  0|  11|           6|           1|
    |icmp_ln768_43_fu_2408_p2     |   icmp   |      0|  0|  11|           6|           1|
    |icmp_ln768_44_fu_2546_p2     |   icmp   |      0|  0|  11|           6|           1|
    |icmp_ln768_45_fu_2684_p2     |   icmp   |      0|  0|  11|           6|           1|
    |icmp_ln768_46_fu_2822_p2     |   icmp   |      0|  0|  11|           6|           1|
    |icmp_ln768_47_fu_2960_p2     |   icmp   |      0|  0|  11|           6|           1|
    |icmp_ln768_48_fu_3098_p2     |   icmp   |      0|  0|  11|           6|           1|
    |icmp_ln768_49_fu_3236_p2     |   icmp   |      0|  0|  11|           6|           1|
    |icmp_ln768_50_fu_3374_p2     |   icmp   |      0|  0|  11|           6|           1|
    |icmp_ln768_51_fu_3512_p2     |   icmp   |      0|  0|  11|           6|           1|
    |icmp_ln768_52_fu_3650_p2     |   icmp   |      0|  0|  11|           6|           1|
    |icmp_ln768_53_fu_3788_p2     |   icmp   |      0|  0|  11|           6|           1|
    |icmp_ln768_54_fu_3926_p2     |   icmp   |      0|  0|  11|           6|           1|
    |icmp_ln768_55_fu_4064_p2     |   icmp   |      0|  0|  11|           6|           1|
    |icmp_ln768_56_fu_4202_p2     |   icmp   |      0|  0|  11|           6|           1|
    |icmp_ln768_57_fu_4340_p2     |   icmp   |      0|  0|  11|           6|           1|
    |icmp_ln768_58_fu_4478_p2     |   icmp   |      0|  0|  11|           6|           1|
    |icmp_ln768_59_fu_4616_p2     |   icmp   |      0|  0|  11|           6|           1|
    |icmp_ln768_60_fu_4754_p2     |   icmp   |      0|  0|  11|           6|           1|
    |icmp_ln768_61_fu_4892_p2     |   icmp   |      0|  0|  11|           6|           1|
    |icmp_ln768_62_fu_5030_p2     |   icmp   |      0|  0|  11|           6|           1|
    |icmp_ln768_63_fu_5168_p2     |   icmp   |      0|  0|  11|           6|           1|
    |icmp_ln768_64_fu_5306_p2     |   icmp   |      0|  0|  11|           6|           1|
    |icmp_ln768_65_fu_5444_p2     |   icmp   |      0|  0|  11|           6|           1|
    |icmp_ln768_66_fu_5582_p2     |   icmp   |      0|  0|  11|           6|           1|
    |icmp_ln768_67_fu_5720_p2     |   icmp   |      0|  0|  11|           6|           1|
    |icmp_ln768_68_fu_5858_p2     |   icmp   |      0|  0|  11|           6|           1|
    |icmp_ln768_69_fu_5996_p2     |   icmp   |      0|  0|  11|           6|           1|
    |icmp_ln768_70_fu_6134_p2     |   icmp   |      0|  0|  11|           6|           1|
    |icmp_ln768_71_fu_6272_p2     |   icmp   |      0|  0|  11|           6|           1|
    |icmp_ln768_72_fu_6410_p2     |   icmp   |      0|  0|  11|           6|           1|
    |icmp_ln768_73_fu_6548_p2     |   icmp   |      0|  0|  11|           6|           1|
    |icmp_ln768_74_fu_6686_p2     |   icmp   |      0|  0|  11|           6|           1|
    |icmp_ln768_75_fu_6824_p2     |   icmp   |      0|  0|  11|           6|           1|
    |icmp_ln768_76_fu_6962_p2     |   icmp   |      0|  0|  11|           6|           1|
    |icmp_ln768_77_fu_7100_p2     |   icmp   |      0|  0|  11|           6|           1|
    |icmp_ln768_78_fu_7238_p2     |   icmp   |      0|  0|  11|           6|           1|
    |icmp_ln768_79_fu_7376_p2     |   icmp   |      0|  0|  11|           6|           1|
    |icmp_ln768_80_fu_7514_p2     |   icmp   |      0|  0|  11|           6|           1|
    |icmp_ln768_81_fu_7652_p2     |   icmp   |      0|  0|  11|           6|           1|
    |icmp_ln768_82_fu_7790_p2     |   icmp   |      0|  0|  11|           6|           1|
    |icmp_ln768_83_fu_7928_p2     |   icmp   |      0|  0|  11|           6|           1|
    |icmp_ln768_84_fu_8066_p2     |   icmp   |      0|  0|  11|           6|           1|
    |icmp_ln768_85_fu_8204_p2     |   icmp   |      0|  0|  11|           6|           1|
    |icmp_ln768_86_fu_8342_p2     |   icmp   |      0|  0|  11|           6|           1|
    |icmp_ln768_87_fu_8480_p2     |   icmp   |      0|  0|  11|           6|           1|
    |icmp_ln768_fu_614_p2         |   icmp   |      0|  0|  11|           6|           1|
    |icmp_ln879_31_fu_746_p2      |   icmp   |      0|  0|  11|           6|           2|
    |icmp_ln879_32_fu_884_p2      |   icmp   |      0|  0|  11|           6|           2|
    |icmp_ln879_33_fu_1022_p2     |   icmp   |      0|  0|  11|           6|           2|
    |icmp_ln879_34_fu_1160_p2     |   icmp   |      0|  0|  11|           6|           2|
    |icmp_ln879_35_fu_1298_p2     |   icmp   |      0|  0|  11|           6|           2|
    |icmp_ln879_36_fu_1436_p2     |   icmp   |      0|  0|  11|           6|           2|
    |icmp_ln879_37_fu_1574_p2     |   icmp   |      0|  0|  11|           6|           2|
    |icmp_ln879_38_fu_1712_p2     |   icmp   |      0|  0|  11|           6|           2|
    |icmp_ln879_39_fu_1850_p2     |   icmp   |      0|  0|  11|           6|           2|
    |icmp_ln879_40_fu_1988_p2     |   icmp   |      0|  0|  11|           6|           2|
    |icmp_ln879_41_fu_2126_p2     |   icmp   |      0|  0|  11|           6|           2|
    |icmp_ln879_42_fu_2264_p2     |   icmp   |      0|  0|  11|           6|           2|
    |icmp_ln879_43_fu_2402_p2     |   icmp   |      0|  0|  11|           6|           2|
    |icmp_ln879_44_fu_2540_p2     |   icmp   |      0|  0|  11|           6|           2|
    |icmp_ln879_45_fu_2678_p2     |   icmp   |      0|  0|  11|           6|           2|
    |icmp_ln879_46_fu_2816_p2     |   icmp   |      0|  0|  11|           6|           2|
    |icmp_ln879_47_fu_2954_p2     |   icmp   |      0|  0|  11|           6|           2|
    |icmp_ln879_48_fu_3092_p2     |   icmp   |      0|  0|  11|           6|           2|
    |icmp_ln879_49_fu_3230_p2     |   icmp   |      0|  0|  11|           6|           2|
    |icmp_ln879_50_fu_3368_p2     |   icmp   |      0|  0|  11|           6|           2|
    |icmp_ln879_51_fu_3506_p2     |   icmp   |      0|  0|  11|           6|           2|
    |icmp_ln879_52_fu_3644_p2     |   icmp   |      0|  0|  11|           6|           2|
    |icmp_ln879_53_fu_3782_p2     |   icmp   |      0|  0|  11|           6|           2|
    |icmp_ln879_54_fu_3920_p2     |   icmp   |      0|  0|  11|           6|           2|
    |icmp_ln879_55_fu_4058_p2     |   icmp   |      0|  0|  11|           6|           2|
    |icmp_ln879_56_fu_4196_p2     |   icmp   |      0|  0|  11|           6|           2|
    |icmp_ln879_57_fu_4334_p2     |   icmp   |      0|  0|  11|           6|           2|
    |icmp_ln879_58_fu_4472_p2     |   icmp   |      0|  0|  11|           6|           2|
    |icmp_ln879_59_fu_4610_p2     |   icmp   |      0|  0|  11|           6|           2|
    |icmp_ln879_60_fu_4748_p2     |   icmp   |      0|  0|  11|           6|           2|
    |icmp_ln879_61_fu_4886_p2     |   icmp   |      0|  0|  11|           6|           2|
    |icmp_ln879_62_fu_5024_p2     |   icmp   |      0|  0|  11|           6|           2|
    |icmp_ln879_63_fu_5162_p2     |   icmp   |      0|  0|  11|           6|           2|
    |icmp_ln879_64_fu_5300_p2     |   icmp   |      0|  0|  11|           6|           2|
    |icmp_ln879_65_fu_5438_p2     |   icmp   |      0|  0|  11|           6|           2|
    |icmp_ln879_66_fu_5576_p2     |   icmp   |      0|  0|  11|           6|           2|
    |icmp_ln879_67_fu_5714_p2     |   icmp   |      0|  0|  11|           6|           2|
    |icmp_ln879_68_fu_5852_p2     |   icmp   |      0|  0|  11|           6|           2|
    |icmp_ln879_69_fu_5990_p2     |   icmp   |      0|  0|  11|           6|           2|
    |icmp_ln879_70_fu_6128_p2     |   icmp   |      0|  0|  11|           6|           2|
    |icmp_ln879_71_fu_6266_p2     |   icmp   |      0|  0|  11|           6|           2|
    |icmp_ln879_72_fu_6404_p2     |   icmp   |      0|  0|  11|           6|           2|
    |icmp_ln879_73_fu_6542_p2     |   icmp   |      0|  0|  11|           6|           2|
    |icmp_ln879_74_fu_6680_p2     |   icmp   |      0|  0|  11|           6|           2|
    |icmp_ln879_75_fu_6818_p2     |   icmp   |      0|  0|  11|           6|           2|
    |icmp_ln879_76_fu_6956_p2     |   icmp   |      0|  0|  11|           6|           2|
    |icmp_ln879_77_fu_7094_p2     |   icmp   |      0|  0|  11|           6|           2|
    |icmp_ln879_78_fu_7232_p2     |   icmp   |      0|  0|  11|           6|           2|
    |icmp_ln879_79_fu_7370_p2     |   icmp   |      0|  0|  11|           6|           2|
    |icmp_ln879_80_fu_7508_p2     |   icmp   |      0|  0|  11|           6|           2|
    |icmp_ln879_81_fu_7646_p2     |   icmp   |      0|  0|  11|           6|           2|
    |icmp_ln879_82_fu_7784_p2     |   icmp   |      0|  0|  11|           6|           2|
    |icmp_ln879_83_fu_7922_p2     |   icmp   |      0|  0|  11|           6|           2|
    |icmp_ln879_84_fu_8060_p2     |   icmp   |      0|  0|  11|           6|           2|
    |icmp_ln879_85_fu_8198_p2     |   icmp   |      0|  0|  11|           6|           2|
    |icmp_ln879_86_fu_8336_p2     |   icmp   |      0|  0|  11|           6|           2|
    |icmp_ln879_87_fu_8474_p2     |   icmp   |      0|  0|  11|           6|           2|
    |icmp_ln879_fu_608_p2         |   icmp   |      0|  0|  11|           6|           2|
    |or_ln412_31_fu_686_p2        |    or    |      0|  0|   2|           1|           1|
    |or_ln412_32_fu_824_p2        |    or    |      0|  0|   2|           1|           1|
    |or_ln412_33_fu_962_p2        |    or    |      0|  0|   2|           1|           1|
    |or_ln412_34_fu_1100_p2       |    or    |      0|  0|   2|           1|           1|
    |or_ln412_35_fu_1238_p2       |    or    |      0|  0|   2|           1|           1|
    |or_ln412_36_fu_1376_p2       |    or    |      0|  0|   2|           1|           1|
    |or_ln412_37_fu_1514_p2       |    or    |      0|  0|   2|           1|           1|
    |or_ln412_38_fu_1652_p2       |    or    |      0|  0|   2|           1|           1|
    |or_ln412_39_fu_1790_p2       |    or    |      0|  0|   2|           1|           1|
    |or_ln412_40_fu_1928_p2       |    or    |      0|  0|   2|           1|           1|
    |or_ln412_41_fu_2066_p2       |    or    |      0|  0|   2|           1|           1|
    |or_ln412_42_fu_2204_p2       |    or    |      0|  0|   2|           1|           1|
    |or_ln412_43_fu_2342_p2       |    or    |      0|  0|   2|           1|           1|
    |or_ln412_44_fu_2480_p2       |    or    |      0|  0|   2|           1|           1|
    |or_ln412_45_fu_2618_p2       |    or    |      0|  0|   2|           1|           1|
    |or_ln412_46_fu_2756_p2       |    or    |      0|  0|   2|           1|           1|
    |or_ln412_47_fu_2894_p2       |    or    |      0|  0|   2|           1|           1|
    |or_ln412_48_fu_3032_p2       |    or    |      0|  0|   2|           1|           1|
    |or_ln412_49_fu_3170_p2       |    or    |      0|  0|   2|           1|           1|
    |or_ln412_50_fu_3308_p2       |    or    |      0|  0|   2|           1|           1|
    |or_ln412_51_fu_3446_p2       |    or    |      0|  0|   2|           1|           1|
    |or_ln412_52_fu_3584_p2       |    or    |      0|  0|   2|           1|           1|
    |or_ln412_53_fu_3722_p2       |    or    |      0|  0|   2|           1|           1|
    |or_ln412_54_fu_3860_p2       |    or    |      0|  0|   2|           1|           1|
    |or_ln412_55_fu_3998_p2       |    or    |      0|  0|   2|           1|           1|
    |or_ln412_56_fu_4136_p2       |    or    |      0|  0|   2|           1|           1|
    |or_ln412_57_fu_4274_p2       |    or    |      0|  0|   2|           1|           1|
    |or_ln412_58_fu_4412_p2       |    or    |      0|  0|   2|           1|           1|
    |or_ln412_59_fu_4550_p2       |    or    |      0|  0|   2|           1|           1|
    |or_ln412_60_fu_4688_p2       |    or    |      0|  0|   2|           1|           1|
    |or_ln412_61_fu_4826_p2       |    or    |      0|  0|   2|           1|           1|
    |or_ln412_62_fu_4964_p2       |    or    |      0|  0|   2|           1|           1|
    |or_ln412_63_fu_5102_p2       |    or    |      0|  0|   2|           1|           1|
    |or_ln412_64_fu_5240_p2       |    or    |      0|  0|   2|           1|           1|
    |or_ln412_65_fu_5378_p2       |    or    |      0|  0|   2|           1|           1|
    |or_ln412_66_fu_5516_p2       |    or    |      0|  0|   2|           1|           1|
    |or_ln412_67_fu_5654_p2       |    or    |      0|  0|   2|           1|           1|
    |or_ln412_68_fu_5792_p2       |    or    |      0|  0|   2|           1|           1|
    |or_ln412_69_fu_5930_p2       |    or    |      0|  0|   2|           1|           1|
    |or_ln412_70_fu_6068_p2       |    or    |      0|  0|   2|           1|           1|
    |or_ln412_71_fu_6206_p2       |    or    |      0|  0|   2|           1|           1|
    |or_ln412_72_fu_6344_p2       |    or    |      0|  0|   2|           1|           1|
    |or_ln412_73_fu_6482_p2       |    or    |      0|  0|   2|           1|           1|
    |or_ln412_74_fu_6620_p2       |    or    |      0|  0|   2|           1|           1|
    |or_ln412_75_fu_6758_p2       |    or    |      0|  0|   2|           1|           1|
    |or_ln412_76_fu_6896_p2       |    or    |      0|  0|   2|           1|           1|
    |or_ln412_77_fu_7034_p2       |    or    |      0|  0|   2|           1|           1|
    |or_ln412_78_fu_7172_p2       |    or    |      0|  0|   2|           1|           1|
    |or_ln412_79_fu_7310_p2       |    or    |      0|  0|   2|           1|           1|
    |or_ln412_80_fu_7448_p2       |    or    |      0|  0|   2|           1|           1|
    |or_ln412_81_fu_7586_p2       |    or    |      0|  0|   2|           1|           1|
    |or_ln412_82_fu_7724_p2       |    or    |      0|  0|   2|           1|           1|
    |or_ln412_83_fu_7862_p2       |    or    |      0|  0|   2|           1|           1|
    |or_ln412_84_fu_8000_p2       |    or    |      0|  0|   2|           1|           1|
    |or_ln412_85_fu_8138_p2       |    or    |      0|  0|   2|           1|           1|
    |or_ln412_86_fu_8276_p2       |    or    |      0|  0|   2|           1|           1|
    |or_ln412_87_fu_8414_p2       |    or    |      0|  0|   2|           1|           1|
    |or_ln412_fu_548_p2           |    or    |      0|  0|   2|           1|           1|
    |select_ln1494_31_fu_774_p3   |  select  |      0|  0|   6|           1|           6|
    |select_ln1494_32_fu_912_p3   |  select  |      0|  0|   6|           1|           6|
    |select_ln1494_33_fu_1050_p3  |  select  |      0|  0|   6|           1|           6|
    |select_ln1494_34_fu_1188_p3  |  select  |      0|  0|   6|           1|           6|
    |select_ln1494_35_fu_1326_p3  |  select  |      0|  0|   6|           1|           6|
    |select_ln1494_36_fu_1464_p3  |  select  |      0|  0|   6|           1|           6|
    |select_ln1494_37_fu_1602_p3  |  select  |      0|  0|   6|           1|           6|
    |select_ln1494_38_fu_1740_p3  |  select  |      0|  0|   6|           1|           6|
    |select_ln1494_39_fu_1878_p3  |  select  |      0|  0|   6|           1|           6|
    |select_ln1494_40_fu_2016_p3  |  select  |      0|  0|   6|           1|           6|
    |select_ln1494_41_fu_2154_p3  |  select  |      0|  0|   6|           1|           6|
    |select_ln1494_42_fu_2292_p3  |  select  |      0|  0|   6|           1|           6|
    |select_ln1494_43_fu_2430_p3  |  select  |      0|  0|   6|           1|           6|
    |select_ln1494_44_fu_2568_p3  |  select  |      0|  0|   6|           1|           6|
    |select_ln1494_45_fu_2706_p3  |  select  |      0|  0|   6|           1|           6|
    |select_ln1494_46_fu_2844_p3  |  select  |      0|  0|   6|           1|           6|
    |select_ln1494_47_fu_2982_p3  |  select  |      0|  0|   6|           1|           6|
    |select_ln1494_48_fu_3120_p3  |  select  |      0|  0|   6|           1|           6|
    |select_ln1494_49_fu_3258_p3  |  select  |      0|  0|   6|           1|           6|
    |select_ln1494_50_fu_3396_p3  |  select  |      0|  0|   6|           1|           6|
    |select_ln1494_51_fu_3534_p3  |  select  |      0|  0|   6|           1|           6|
    |select_ln1494_52_fu_3672_p3  |  select  |      0|  0|   6|           1|           6|
    |select_ln1494_53_fu_3810_p3  |  select  |      0|  0|   6|           1|           6|
    |select_ln1494_54_fu_3948_p3  |  select  |      0|  0|   6|           1|           6|
    |select_ln1494_55_fu_4086_p3  |  select  |      0|  0|   6|           1|           6|
    |select_ln1494_56_fu_4224_p3  |  select  |      0|  0|   6|           1|           6|
    |select_ln1494_57_fu_4362_p3  |  select  |      0|  0|   6|           1|           6|
    |select_ln1494_58_fu_4500_p3  |  select  |      0|  0|   6|           1|           6|
    |select_ln1494_59_fu_4638_p3  |  select  |      0|  0|   6|           1|           6|
    |select_ln1494_60_fu_4776_p3  |  select  |      0|  0|   6|           1|           6|
    |select_ln1494_61_fu_4914_p3  |  select  |      0|  0|   6|           1|           6|
    |select_ln1494_62_fu_5052_p3  |  select  |      0|  0|   6|           1|           6|
    |select_ln1494_63_fu_5190_p3  |  select  |      0|  0|   6|           1|           6|
    |select_ln1494_64_fu_5328_p3  |  select  |      0|  0|   6|           1|           6|
    |select_ln1494_65_fu_5466_p3  |  select  |      0|  0|   6|           1|           6|
    |select_ln1494_66_fu_5604_p3  |  select  |      0|  0|   6|           1|           6|
    |select_ln1494_67_fu_5742_p3  |  select  |      0|  0|   6|           1|           6|
    |select_ln1494_68_fu_5880_p3  |  select  |      0|  0|   6|           1|           6|
    |select_ln1494_69_fu_6018_p3  |  select  |      0|  0|   6|           1|           6|
    |select_ln1494_70_fu_6156_p3  |  select  |      0|  0|   6|           1|           6|
    |select_ln1494_71_fu_6294_p3  |  select  |      0|  0|   6|           1|           6|
    |select_ln1494_72_fu_6432_p3  |  select  |      0|  0|   6|           1|           6|
    |select_ln1494_73_fu_6570_p3  |  select  |      0|  0|   6|           1|           6|
    |select_ln1494_74_fu_6708_p3  |  select  |      0|  0|   6|           1|           6|
    |select_ln1494_75_fu_6846_p3  |  select  |      0|  0|   6|           1|           6|
    |select_ln1494_76_fu_6984_p3  |  select  |      0|  0|   6|           1|           6|
    |select_ln1494_77_fu_7122_p3  |  select  |      0|  0|   6|           1|           6|
    |select_ln1494_78_fu_7260_p3  |  select  |      0|  0|   6|           1|           6|
    |select_ln1494_79_fu_7398_p3  |  select  |      0|  0|   6|           1|           6|
    |select_ln1494_80_fu_7536_p3  |  select  |      0|  0|   6|           1|           6|
    |select_ln1494_81_fu_7674_p3  |  select  |      0|  0|   6|           1|           6|
    |select_ln1494_82_fu_7812_p3  |  select  |      0|  0|   6|           1|           6|
    |select_ln1494_83_fu_7950_p3  |  select  |      0|  0|   6|           1|           6|
    |select_ln1494_84_fu_8088_p3  |  select  |      0|  0|   6|           1|           6|
    |select_ln1494_85_fu_8226_p3  |  select  |      0|  0|   6|           1|           6|
    |select_ln1494_86_fu_8364_p3  |  select  |      0|  0|   6|           1|           6|
    |select_ln1494_87_fu_8502_p3  |  select  |      0|  0|   6|           1|           6|
    |select_ln1494_fu_636_p3      |  select  |      0|  0|   6|           1|           6|
    |select_ln340_10_fu_2008_p3   |  select  |      0|  0|   6|           1|           6|
    |select_ln340_12_fu_2146_p3   |  select  |      0|  0|   6|           1|           6|
    |select_ln340_13_fu_2284_p3   |  select  |      0|  0|   6|           1|           6|
    |select_ln340_14_fu_2422_p3   |  select  |      0|  0|   6|           1|           6|
    |select_ln340_15_fu_2560_p3   |  select  |      0|  0|   6|           1|           6|
    |select_ln340_16_fu_2698_p3   |  select  |      0|  0|   6|           1|           6|
    |select_ln340_17_fu_2836_p3   |  select  |      0|  0|   6|           1|           6|
    |select_ln340_18_fu_2974_p3   |  select  |      0|  0|   6|           1|           6|
    |select_ln340_19_fu_3112_p3   |  select  |      0|  0|   6|           1|           6|
    |select_ln340_1_fu_766_p3     |  select  |      0|  0|   6|           1|           6|
    |select_ln340_20_fu_3250_p3   |  select  |      0|  0|   6|           1|           6|
    |select_ln340_21_fu_3388_p3   |  select  |      0|  0|   6|           1|           6|
    |select_ln340_22_fu_3526_p3   |  select  |      0|  0|   6|           1|           6|
    |select_ln340_23_fu_3664_p3   |  select  |      0|  0|   6|           1|           6|
    |select_ln340_24_fu_3802_p3   |  select  |      0|  0|   6|           1|           6|
    |select_ln340_25_fu_3940_p3   |  select  |      0|  0|   6|           1|           6|
    |select_ln340_26_fu_4078_p3   |  select  |      0|  0|   6|           1|           6|
    |select_ln340_27_fu_4216_p3   |  select  |      0|  0|   6|           1|           6|
    |select_ln340_28_fu_4354_p3   |  select  |      0|  0|   6|           1|           6|
    |select_ln340_29_fu_4492_p3   |  select  |      0|  0|   6|           1|           6|
    |select_ln340_2_fu_904_p3     |  select  |      0|  0|   6|           1|           6|
    |select_ln340_30_fu_4630_p3   |  select  |      0|  0|   6|           1|           6|
    |select_ln340_31_fu_4768_p3   |  select  |      0|  0|   6|           1|           6|
    |select_ln340_32_fu_4906_p3   |  select  |      0|  0|   6|           1|           6|
    |select_ln340_33_fu_5044_p3   |  select  |      0|  0|   6|           1|           6|
    |select_ln340_34_fu_5182_p3   |  select  |      0|  0|   6|           1|           6|
    |select_ln340_35_fu_5320_p3   |  select  |      0|  0|   6|           1|           6|
    |select_ln340_36_fu_5458_p3   |  select  |      0|  0|   6|           1|           6|
    |select_ln340_37_fu_5596_p3   |  select  |      0|  0|   6|           1|           6|
    |select_ln340_38_fu_5734_p3   |  select  |      0|  0|   6|           1|           6|
    |select_ln340_39_fu_5872_p3   |  select  |      0|  0|   6|           1|           6|
    |select_ln340_3_fu_1042_p3    |  select  |      0|  0|   6|           1|           6|
    |select_ln340_40_fu_6010_p3   |  select  |      0|  0|   6|           1|           6|
    |select_ln340_41_fu_6148_p3   |  select  |      0|  0|   6|           1|           6|
    |select_ln340_42_fu_6286_p3   |  select  |      0|  0|   6|           1|           6|
    |select_ln340_43_fu_6424_p3   |  select  |      0|  0|   6|           1|           6|
    |select_ln340_44_fu_6562_p3   |  select  |      0|  0|   6|           1|           6|
    |select_ln340_45_fu_6700_p3   |  select  |      0|  0|   6|           1|           6|
    |select_ln340_46_fu_6838_p3   |  select  |      0|  0|   6|           1|           6|
    |select_ln340_47_fu_6976_p3   |  select  |      0|  0|   6|           1|           6|
    |select_ln340_48_fu_7114_p3   |  select  |      0|  0|   6|           1|           6|
    |select_ln340_49_fu_7252_p3   |  select  |      0|  0|   6|           1|           6|
    |select_ln340_4_fu_1180_p3    |  select  |      0|  0|   6|           1|           6|
    |select_ln340_50_fu_7390_p3   |  select  |      0|  0|   6|           1|           6|
    |select_ln340_51_fu_7528_p3   |  select  |      0|  0|   6|           1|           6|
    |select_ln340_52_fu_7666_p3   |  select  |      0|  0|   6|           1|           6|
    |select_ln340_53_fu_7804_p3   |  select  |      0|  0|   6|           1|           6|
    |select_ln340_54_fu_7942_p3   |  select  |      0|  0|   6|           1|           6|
    |select_ln340_55_fu_8080_p3   |  select  |      0|  0|   6|           1|           6|
    |select_ln340_56_fu_8218_p3   |  select  |      0|  0|   6|           1|           6|
    |select_ln340_57_fu_8356_p3   |  select  |      0|  0|   6|           1|           6|
    |select_ln340_58_fu_8494_p3   |  select  |      0|  0|   6|           1|           6|
    |select_ln340_5_fu_1318_p3    |  select  |      0|  0|   6|           1|           6|
    |select_ln340_6_fu_1456_p3    |  select  |      0|  0|   6|           1|           6|
    |select_ln340_7_fu_1594_p3    |  select  |      0|  0|   6|           1|           6|
    |select_ln340_8_fu_1732_p3    |  select  |      0|  0|   6|           1|           6|
    |select_ln340_9_fu_1870_p3    |  select  |      0|  0|   6|           1|           6|
    |select_ln340_fu_628_p3       |  select  |      0|  0|   6|           1|           6|
    |select_ln777_31_fu_758_p3    |  select  |      0|  0|   2|           1|           1|
    |select_ln777_32_fu_896_p3    |  select  |      0|  0|   2|           1|           1|
    |select_ln777_33_fu_1034_p3   |  select  |      0|  0|   2|           1|           1|
    |select_ln777_34_fu_1172_p3   |  select  |      0|  0|   2|           1|           1|
    |select_ln777_35_fu_1310_p3   |  select  |      0|  0|   2|           1|           1|
    |select_ln777_36_fu_1448_p3   |  select  |      0|  0|   2|           1|           1|
    |select_ln777_37_fu_1586_p3   |  select  |      0|  0|   2|           1|           1|
    |select_ln777_38_fu_1724_p3   |  select  |      0|  0|   2|           1|           1|
    |select_ln777_39_fu_1862_p3   |  select  |      0|  0|   2|           1|           1|
    |select_ln777_40_fu_2000_p3   |  select  |      0|  0|   2|           1|           1|
    |select_ln777_41_fu_2138_p3   |  select  |      0|  0|   2|           1|           1|
    |select_ln777_42_fu_2276_p3   |  select  |      0|  0|   2|           1|           1|
    |select_ln777_43_fu_2414_p3   |  select  |      0|  0|   2|           1|           1|
    |select_ln777_44_fu_2552_p3   |  select  |      0|  0|   2|           1|           1|
    |select_ln777_45_fu_2690_p3   |  select  |      0|  0|   2|           1|           1|
    |select_ln777_46_fu_2828_p3   |  select  |      0|  0|   2|           1|           1|
    |select_ln777_47_fu_2966_p3   |  select  |      0|  0|   2|           1|           1|
    |select_ln777_48_fu_3104_p3   |  select  |      0|  0|   2|           1|           1|
    |select_ln777_49_fu_3242_p3   |  select  |      0|  0|   2|           1|           1|
    |select_ln777_50_fu_3380_p3   |  select  |      0|  0|   2|           1|           1|
    |select_ln777_51_fu_3518_p3   |  select  |      0|  0|   2|           1|           1|
    |select_ln777_52_fu_3656_p3   |  select  |      0|  0|   2|           1|           1|
    |select_ln777_53_fu_3794_p3   |  select  |      0|  0|   2|           1|           1|
    |select_ln777_54_fu_3932_p3   |  select  |      0|  0|   2|           1|           1|
    |select_ln777_55_fu_4070_p3   |  select  |      0|  0|   2|           1|           1|
    |select_ln777_56_fu_4208_p3   |  select  |      0|  0|   2|           1|           1|
    |select_ln777_57_fu_4346_p3   |  select  |      0|  0|   2|           1|           1|
    |select_ln777_58_fu_4484_p3   |  select  |      0|  0|   2|           1|           1|
    |select_ln777_59_fu_4622_p3   |  select  |      0|  0|   2|           1|           1|
    |select_ln777_60_fu_4760_p3   |  select  |      0|  0|   2|           1|           1|
    |select_ln777_61_fu_4898_p3   |  select  |      0|  0|   2|           1|           1|
    |select_ln777_62_fu_5036_p3   |  select  |      0|  0|   2|           1|           1|
    |select_ln777_63_fu_5174_p3   |  select  |      0|  0|   2|           1|           1|
    |select_ln777_64_fu_5312_p3   |  select  |      0|  0|   2|           1|           1|
    |select_ln777_65_fu_5450_p3   |  select  |      0|  0|   2|           1|           1|
    |select_ln777_66_fu_5588_p3   |  select  |      0|  0|   2|           1|           1|
    |select_ln777_67_fu_5726_p3   |  select  |      0|  0|   2|           1|           1|
    |select_ln777_68_fu_5864_p3   |  select  |      0|  0|   2|           1|           1|
    |select_ln777_69_fu_6002_p3   |  select  |      0|  0|   2|           1|           1|
    |select_ln777_70_fu_6140_p3   |  select  |      0|  0|   2|           1|           1|
    |select_ln777_71_fu_6278_p3   |  select  |      0|  0|   2|           1|           1|
    |select_ln777_72_fu_6416_p3   |  select  |      0|  0|   2|           1|           1|
    |select_ln777_73_fu_6554_p3   |  select  |      0|  0|   2|           1|           1|
    |select_ln777_74_fu_6692_p3   |  select  |      0|  0|   2|           1|           1|
    |select_ln777_75_fu_6830_p3   |  select  |      0|  0|   2|           1|           1|
    |select_ln777_76_fu_6968_p3   |  select  |      0|  0|   2|           1|           1|
    |select_ln777_77_fu_7106_p3   |  select  |      0|  0|   2|           1|           1|
    |select_ln777_78_fu_7244_p3   |  select  |      0|  0|   2|           1|           1|
    |select_ln777_79_fu_7382_p3   |  select  |      0|  0|   2|           1|           1|
    |select_ln777_80_fu_7520_p3   |  select  |      0|  0|   2|           1|           1|
    |select_ln777_81_fu_7658_p3   |  select  |      0|  0|   2|           1|           1|
    |select_ln777_82_fu_7796_p3   |  select  |      0|  0|   2|           1|           1|
    |select_ln777_83_fu_7934_p3   |  select  |      0|  0|   2|           1|           1|
    |select_ln777_84_fu_8072_p3   |  select  |      0|  0|   2|           1|           1|
    |select_ln777_85_fu_8210_p3   |  select  |      0|  0|   2|           1|           1|
    |select_ln777_86_fu_8348_p3   |  select  |      0|  0|   2|           1|           1|
    |select_ln777_87_fu_8486_p3   |  select  |      0|  0|   2|           1|           1|
    |select_ln777_fu_620_p3       |  select  |      0|  0|   2|           1|           1|
    |xor_ln416_31_fu_724_p2       |    xor   |      0|  0|   2|           1|           2|
    |xor_ln416_32_fu_862_p2       |    xor   |      0|  0|   2|           1|           2|
    |xor_ln416_33_fu_1000_p2      |    xor   |      0|  0|   2|           1|           2|
    |xor_ln416_34_fu_1138_p2      |    xor   |      0|  0|   2|           1|           2|
    |xor_ln416_35_fu_1276_p2      |    xor   |      0|  0|   2|           1|           2|
    |xor_ln416_36_fu_1414_p2      |    xor   |      0|  0|   2|           1|           2|
    |xor_ln416_37_fu_1552_p2      |    xor   |      0|  0|   2|           1|           2|
    |xor_ln416_38_fu_1690_p2      |    xor   |      0|  0|   2|           1|           2|
    |xor_ln416_39_fu_1828_p2      |    xor   |      0|  0|   2|           1|           2|
    |xor_ln416_40_fu_1966_p2      |    xor   |      0|  0|   2|           1|           2|
    |xor_ln416_41_fu_2104_p2      |    xor   |      0|  0|   2|           1|           2|
    |xor_ln416_42_fu_2242_p2      |    xor   |      0|  0|   2|           1|           2|
    |xor_ln416_43_fu_2380_p2      |    xor   |      0|  0|   2|           1|           2|
    |xor_ln416_44_fu_2518_p2      |    xor   |      0|  0|   2|           1|           2|
    |xor_ln416_45_fu_2656_p2      |    xor   |      0|  0|   2|           1|           2|
    |xor_ln416_46_fu_2794_p2      |    xor   |      0|  0|   2|           1|           2|
    |xor_ln416_47_fu_2932_p2      |    xor   |      0|  0|   2|           1|           2|
    |xor_ln416_48_fu_3070_p2      |    xor   |      0|  0|   2|           1|           2|
    |xor_ln416_49_fu_3208_p2      |    xor   |      0|  0|   2|           1|           2|
    |xor_ln416_50_fu_3346_p2      |    xor   |      0|  0|   2|           1|           2|
    |xor_ln416_51_fu_3484_p2      |    xor   |      0|  0|   2|           1|           2|
    |xor_ln416_52_fu_3622_p2      |    xor   |      0|  0|   2|           1|           2|
    |xor_ln416_53_fu_3760_p2      |    xor   |      0|  0|   2|           1|           2|
    |xor_ln416_54_fu_3898_p2      |    xor   |      0|  0|   2|           1|           2|
    |xor_ln416_55_fu_4036_p2      |    xor   |      0|  0|   2|           1|           2|
    |xor_ln416_56_fu_4174_p2      |    xor   |      0|  0|   2|           1|           2|
    |xor_ln416_57_fu_4312_p2      |    xor   |      0|  0|   2|           1|           2|
    |xor_ln416_58_fu_4450_p2      |    xor   |      0|  0|   2|           1|           2|
    |xor_ln416_59_fu_4588_p2      |    xor   |      0|  0|   2|           1|           2|
    |xor_ln416_60_fu_4726_p2      |    xor   |      0|  0|   2|           1|           2|
    |xor_ln416_61_fu_4864_p2      |    xor   |      0|  0|   2|           1|           2|
    |xor_ln416_62_fu_5002_p2      |    xor   |      0|  0|   2|           1|           2|
    |xor_ln416_63_fu_5140_p2      |    xor   |      0|  0|   2|           1|           2|
    |xor_ln416_64_fu_5278_p2      |    xor   |      0|  0|   2|           1|           2|
    |xor_ln416_65_fu_5416_p2      |    xor   |      0|  0|   2|           1|           2|
    |xor_ln416_66_fu_5554_p2      |    xor   |      0|  0|   2|           1|           2|
    |xor_ln416_67_fu_5692_p2      |    xor   |      0|  0|   2|           1|           2|
    |xor_ln416_68_fu_5830_p2      |    xor   |      0|  0|   2|           1|           2|
    |xor_ln416_69_fu_5968_p2      |    xor   |      0|  0|   2|           1|           2|
    |xor_ln416_70_fu_6106_p2      |    xor   |      0|  0|   2|           1|           2|
    |xor_ln416_71_fu_6244_p2      |    xor   |      0|  0|   2|           1|           2|
    |xor_ln416_72_fu_6382_p2      |    xor   |      0|  0|   2|           1|           2|
    |xor_ln416_73_fu_6520_p2      |    xor   |      0|  0|   2|           1|           2|
    |xor_ln416_74_fu_6658_p2      |    xor   |      0|  0|   2|           1|           2|
    |xor_ln416_75_fu_6796_p2      |    xor   |      0|  0|   2|           1|           2|
    |xor_ln416_76_fu_6934_p2      |    xor   |      0|  0|   2|           1|           2|
    |xor_ln416_77_fu_7072_p2      |    xor   |      0|  0|   2|           1|           2|
    |xor_ln416_78_fu_7210_p2      |    xor   |      0|  0|   2|           1|           2|
    |xor_ln416_79_fu_7348_p2      |    xor   |      0|  0|   2|           1|           2|
    |xor_ln416_80_fu_7486_p2      |    xor   |      0|  0|   2|           1|           2|
    |xor_ln416_81_fu_7624_p2      |    xor   |      0|  0|   2|           1|           2|
    |xor_ln416_82_fu_7762_p2      |    xor   |      0|  0|   2|           1|           2|
    |xor_ln416_83_fu_7900_p2      |    xor   |      0|  0|   2|           1|           2|
    |xor_ln416_84_fu_8038_p2      |    xor   |      0|  0|   2|           1|           2|
    |xor_ln416_85_fu_8176_p2      |    xor   |      0|  0|   2|           1|           2|
    |xor_ln416_86_fu_8314_p2      |    xor   |      0|  0|   2|           1|           2|
    |xor_ln416_87_fu_8452_p2      |    xor   |      0|  0|   2|           1|           2|
    |xor_ln416_fu_586_p2          |    xor   |      0|  0|   2|           1|           2|
    +-----------------------------+----------+-------+---+----+------------+------------+
    |Total                        |          |      0|  0|4698|        2552|        1682|
    +-----------------------------+----------+-------+---+----+------------+------------+

    * Multiplexer: 
    N/A

    * Register: 
    N/A



================================================================
== Interface
================================================================
* Summary: 
+----------------+-----+-----+------------+------------------------------------------------------------------------+--------------+
|    RTL Ports   | Dir | Bits|  Protocol  |                              Source Object                             |    C Type    |
+----------------+-----+-----+------------+------------------------------------------------------------------------+--------------+
|ap_ready        | out |    1| ap_ctrl_hs | relu<ap_fixed<16, 6, 5, 3, 0>, ap_ufixed<6, 0, 4, 0, 0>, relu_config4> | return value |
|ap_return_0     | out |    6| ap_ctrl_hs | relu<ap_fixed<16, 6, 5, 3, 0>, ap_ufixed<6, 0, 4, 0, 0>, relu_config4> | return value |
|ap_return_1     | out |    6| ap_ctrl_hs | relu<ap_fixed<16, 6, 5, 3, 0>, ap_ufixed<6, 0, 4, 0, 0>, relu_config4> | return value |
|ap_return_2     | out |    6| ap_ctrl_hs | relu<ap_fixed<16, 6, 5, 3, 0>, ap_ufixed<6, 0, 4, 0, 0>, relu_config4> | return value |
|ap_return_3     | out |    6| ap_ctrl_hs | relu<ap_fixed<16, 6, 5, 3, 0>, ap_ufixed<6, 0, 4, 0, 0>, relu_config4> | return value |
|ap_return_4     | out |    6| ap_ctrl_hs | relu<ap_fixed<16, 6, 5, 3, 0>, ap_ufixed<6, 0, 4, 0, 0>, relu_config4> | return value |
|ap_return_5     | out |    6| ap_ctrl_hs | relu<ap_fixed<16, 6, 5, 3, 0>, ap_ufixed<6, 0, 4, 0, 0>, relu_config4> | return value |
|ap_return_6     | out |    6| ap_ctrl_hs | relu<ap_fixed<16, 6, 5, 3, 0>, ap_ufixed<6, 0, 4, 0, 0>, relu_config4> | return value |
|ap_return_7     | out |    6| ap_ctrl_hs | relu<ap_fixed<16, 6, 5, 3, 0>, ap_ufixed<6, 0, 4, 0, 0>, relu_config4> | return value |
|ap_return_8     | out |    6| ap_ctrl_hs | relu<ap_fixed<16, 6, 5, 3, 0>, ap_ufixed<6, 0, 4, 0, 0>, relu_config4> | return value |
|ap_return_9     | out |    6| ap_ctrl_hs | relu<ap_fixed<16, 6, 5, 3, 0>, ap_ufixed<6, 0, 4, 0, 0>, relu_config4> | return value |
|ap_return_10    | out |    6| ap_ctrl_hs | relu<ap_fixed<16, 6, 5, 3, 0>, ap_ufixed<6, 0, 4, 0, 0>, relu_config4> | return value |
|ap_return_11    | out |    6| ap_ctrl_hs | relu<ap_fixed<16, 6, 5, 3, 0>, ap_ufixed<6, 0, 4, 0, 0>, relu_config4> | return value |
|ap_return_12    | out |    6| ap_ctrl_hs | relu<ap_fixed<16, 6, 5, 3, 0>, ap_ufixed<6, 0, 4, 0, 0>, relu_config4> | return value |
|ap_return_13    | out |    6| ap_ctrl_hs | relu<ap_fixed<16, 6, 5, 3, 0>, ap_ufixed<6, 0, 4, 0, 0>, relu_config4> | return value |
|ap_return_14    | out |    6| ap_ctrl_hs | relu<ap_fixed<16, 6, 5, 3, 0>, ap_ufixed<6, 0, 4, 0, 0>, relu_config4> | return value |
|ap_return_15    | out |    6| ap_ctrl_hs | relu<ap_fixed<16, 6, 5, 3, 0>, ap_ufixed<6, 0, 4, 0, 0>, relu_config4> | return value |
|ap_return_16    | out |    6| ap_ctrl_hs | relu<ap_fixed<16, 6, 5, 3, 0>, ap_ufixed<6, 0, 4, 0, 0>, relu_config4> | return value |
|ap_return_17    | out |    6| ap_ctrl_hs | relu<ap_fixed<16, 6, 5, 3, 0>, ap_ufixed<6, 0, 4, 0, 0>, relu_config4> | return value |
|ap_return_18    | out |    6| ap_ctrl_hs | relu<ap_fixed<16, 6, 5, 3, 0>, ap_ufixed<6, 0, 4, 0, 0>, relu_config4> | return value |
|ap_return_19    | out |    6| ap_ctrl_hs | relu<ap_fixed<16, 6, 5, 3, 0>, ap_ufixed<6, 0, 4, 0, 0>, relu_config4> | return value |
|ap_return_20    | out |    6| ap_ctrl_hs | relu<ap_fixed<16, 6, 5, 3, 0>, ap_ufixed<6, 0, 4, 0, 0>, relu_config4> | return value |
|ap_return_21    | out |    6| ap_ctrl_hs | relu<ap_fixed<16, 6, 5, 3, 0>, ap_ufixed<6, 0, 4, 0, 0>, relu_config4> | return value |
|ap_return_22    | out |    6| ap_ctrl_hs | relu<ap_fixed<16, 6, 5, 3, 0>, ap_ufixed<6, 0, 4, 0, 0>, relu_config4> | return value |
|ap_return_23    | out |    6| ap_ctrl_hs | relu<ap_fixed<16, 6, 5, 3, 0>, ap_ufixed<6, 0, 4, 0, 0>, relu_config4> | return value |
|ap_return_24    | out |    6| ap_ctrl_hs | relu<ap_fixed<16, 6, 5, 3, 0>, ap_ufixed<6, 0, 4, 0, 0>, relu_config4> | return value |
|ap_return_25    | out |    6| ap_ctrl_hs | relu<ap_fixed<16, 6, 5, 3, 0>, ap_ufixed<6, 0, 4, 0, 0>, relu_config4> | return value |
|ap_return_26    | out |    6| ap_ctrl_hs | relu<ap_fixed<16, 6, 5, 3, 0>, ap_ufixed<6, 0, 4, 0, 0>, relu_config4> | return value |
|ap_return_27    | out |    6| ap_ctrl_hs | relu<ap_fixed<16, 6, 5, 3, 0>, ap_ufixed<6, 0, 4, 0, 0>, relu_config4> | return value |
|ap_return_28    | out |    6| ap_ctrl_hs | relu<ap_fixed<16, 6, 5, 3, 0>, ap_ufixed<6, 0, 4, 0, 0>, relu_config4> | return value |
|ap_return_29    | out |    6| ap_ctrl_hs | relu<ap_fixed<16, 6, 5, 3, 0>, ap_ufixed<6, 0, 4, 0, 0>, relu_config4> | return value |
|ap_return_30    | out |    6| ap_ctrl_hs | relu<ap_fixed<16, 6, 5, 3, 0>, ap_ufixed<6, 0, 4, 0, 0>, relu_config4> | return value |
|ap_return_31    | out |    6| ap_ctrl_hs | relu<ap_fixed<16, 6, 5, 3, 0>, ap_ufixed<6, 0, 4, 0, 0>, relu_config4> | return value |
|ap_return_32    | out |    6| ap_ctrl_hs | relu<ap_fixed<16, 6, 5, 3, 0>, ap_ufixed<6, 0, 4, 0, 0>, relu_config4> | return value |
|ap_return_33    | out |    6| ap_ctrl_hs | relu<ap_fixed<16, 6, 5, 3, 0>, ap_ufixed<6, 0, 4, 0, 0>, relu_config4> | return value |
|ap_return_34    | out |    6| ap_ctrl_hs | relu<ap_fixed<16, 6, 5, 3, 0>, ap_ufixed<6, 0, 4, 0, 0>, relu_config4> | return value |
|ap_return_35    | out |    6| ap_ctrl_hs | relu<ap_fixed<16, 6, 5, 3, 0>, ap_ufixed<6, 0, 4, 0, 0>, relu_config4> | return value |
|ap_return_36    | out |    6| ap_ctrl_hs | relu<ap_fixed<16, 6, 5, 3, 0>, ap_ufixed<6, 0, 4, 0, 0>, relu_config4> | return value |
|ap_return_37    | out |    6| ap_ctrl_hs | relu<ap_fixed<16, 6, 5, 3, 0>, ap_ufixed<6, 0, 4, 0, 0>, relu_config4> | return value |
|ap_return_38    | out |    6| ap_ctrl_hs | relu<ap_fixed<16, 6, 5, 3, 0>, ap_ufixed<6, 0, 4, 0, 0>, relu_config4> | return value |
|ap_return_39    | out |    6| ap_ctrl_hs | relu<ap_fixed<16, 6, 5, 3, 0>, ap_ufixed<6, 0, 4, 0, 0>, relu_config4> | return value |
|ap_return_40    | out |    6| ap_ctrl_hs | relu<ap_fixed<16, 6, 5, 3, 0>, ap_ufixed<6, 0, 4, 0, 0>, relu_config4> | return value |
|ap_return_41    | out |    6| ap_ctrl_hs | relu<ap_fixed<16, 6, 5, 3, 0>, ap_ufixed<6, 0, 4, 0, 0>, relu_config4> | return value |
|ap_return_42    | out |    6| ap_ctrl_hs | relu<ap_fixed<16, 6, 5, 3, 0>, ap_ufixed<6, 0, 4, 0, 0>, relu_config4> | return value |
|ap_return_43    | out |    6| ap_ctrl_hs | relu<ap_fixed<16, 6, 5, 3, 0>, ap_ufixed<6, 0, 4, 0, 0>, relu_config4> | return value |
|ap_return_44    | out |    6| ap_ctrl_hs | relu<ap_fixed<16, 6, 5, 3, 0>, ap_ufixed<6, 0, 4, 0, 0>, relu_config4> | return value |
|ap_return_45    | out |    6| ap_ctrl_hs | relu<ap_fixed<16, 6, 5, 3, 0>, ap_ufixed<6, 0, 4, 0, 0>, relu_config4> | return value |
|ap_return_46    | out |    6| ap_ctrl_hs | relu<ap_fixed<16, 6, 5, 3, 0>, ap_ufixed<6, 0, 4, 0, 0>, relu_config4> | return value |
|ap_return_47    | out |    6| ap_ctrl_hs | relu<ap_fixed<16, 6, 5, 3, 0>, ap_ufixed<6, 0, 4, 0, 0>, relu_config4> | return value |
|ap_return_48    | out |    6| ap_ctrl_hs | relu<ap_fixed<16, 6, 5, 3, 0>, ap_ufixed<6, 0, 4, 0, 0>, relu_config4> | return value |
|ap_return_49    | out |    6| ap_ctrl_hs | relu<ap_fixed<16, 6, 5, 3, 0>, ap_ufixed<6, 0, 4, 0, 0>, relu_config4> | return value |
|ap_return_50    | out |    6| ap_ctrl_hs | relu<ap_fixed<16, 6, 5, 3, 0>, ap_ufixed<6, 0, 4, 0, 0>, relu_config4> | return value |
|ap_return_51    | out |    6| ap_ctrl_hs | relu<ap_fixed<16, 6, 5, 3, 0>, ap_ufixed<6, 0, 4, 0, 0>, relu_config4> | return value |
|ap_return_52    | out |    6| ap_ctrl_hs | relu<ap_fixed<16, 6, 5, 3, 0>, ap_ufixed<6, 0, 4, 0, 0>, relu_config4> | return value |
|ap_return_53    | out |    6| ap_ctrl_hs | relu<ap_fixed<16, 6, 5, 3, 0>, ap_ufixed<6, 0, 4, 0, 0>, relu_config4> | return value |
|ap_return_54    | out |    6| ap_ctrl_hs | relu<ap_fixed<16, 6, 5, 3, 0>, ap_ufixed<6, 0, 4, 0, 0>, relu_config4> | return value |
|ap_return_55    | out |    6| ap_ctrl_hs | relu<ap_fixed<16, 6, 5, 3, 0>, ap_ufixed<6, 0, 4, 0, 0>, relu_config4> | return value |
|ap_return_56    | out |    6| ap_ctrl_hs | relu<ap_fixed<16, 6, 5, 3, 0>, ap_ufixed<6, 0, 4, 0, 0>, relu_config4> | return value |
|ap_return_57    | out |    6| ap_ctrl_hs | relu<ap_fixed<16, 6, 5, 3, 0>, ap_ufixed<6, 0, 4, 0, 0>, relu_config4> | return value |
|data_0_V_read   |  in |   16|   ap_none  |                              data_0_V_read                             |    scalar    |
|data_1_V_read   |  in |   16|   ap_none  |                              data_1_V_read                             |    scalar    |
|data_2_V_read   |  in |   16|   ap_none  |                              data_2_V_read                             |    scalar    |
|data_3_V_read   |  in |   16|   ap_none  |                              data_3_V_read                             |    scalar    |
|data_4_V_read   |  in |   16|   ap_none  |                              data_4_V_read                             |    scalar    |
|data_5_V_read   |  in |   16|   ap_none  |                              data_5_V_read                             |    scalar    |
|data_6_V_read   |  in |   16|   ap_none  |                              data_6_V_read                             |    scalar    |
|data_7_V_read   |  in |   16|   ap_none  |                              data_7_V_read                             |    scalar    |
|data_8_V_read   |  in |   16|   ap_none  |                              data_8_V_read                             |    scalar    |
|data_9_V_read   |  in |   16|   ap_none  |                              data_9_V_read                             |    scalar    |
|data_10_V_read  |  in |   16|   ap_none  |                             data_10_V_read                             |    scalar    |
|data_12_V_read  |  in |   16|   ap_none  |                             data_12_V_read                             |    scalar    |
|data_13_V_read  |  in |   16|   ap_none  |                             data_13_V_read                             |    scalar    |
|data_14_V_read  |  in |   16|   ap_none  |                             data_14_V_read                             |    scalar    |
|data_15_V_read  |  in |   16|   ap_none  |                             data_15_V_read                             |    scalar    |
|data_16_V_read  |  in |   16|   ap_none  |                             data_16_V_read                             |    scalar    |
|data_17_V_read  |  in |   16|   ap_none  |                             data_17_V_read                             |    scalar    |
|data_18_V_read  |  in |   16|   ap_none  |                             data_18_V_read                             |    scalar    |
|data_19_V_read  |  in |   16|   ap_none  |                             data_19_V_read                             |    scalar    |
|data_20_V_read  |  in |   16|   ap_none  |                             data_20_V_read                             |    scalar    |
|data_21_V_read  |  in |   16|   ap_none  |                             data_21_V_read                             |    scalar    |
|data_22_V_read  |  in |   16|   ap_none  |                             data_22_V_read                             |    scalar    |
|data_23_V_read  |  in |   16|   ap_none  |                             data_23_V_read                             |    scalar    |
|data_24_V_read  |  in |   16|   ap_none  |                             data_24_V_read                             |    scalar    |
|data_25_V_read  |  in |   16|   ap_none  |                             data_25_V_read                             |    scalar    |
|data_26_V_read  |  in |   16|   ap_none  |                             data_26_V_read                             |    scalar    |
|data_27_V_read  |  in |   16|   ap_none  |                             data_27_V_read                             |    scalar    |
|data_28_V_read  |  in |   16|   ap_none  |                             data_28_V_read                             |    scalar    |
|data_29_V_read  |  in |   16|   ap_none  |                             data_29_V_read                             |    scalar    |
|data_30_V_read  |  in |   16|   ap_none  |                             data_30_V_read                             |    scalar    |
|data_31_V_read  |  in |   16|   ap_none  |                             data_31_V_read                             |    scalar    |
|data_32_V_read  |  in |   16|   ap_none  |                             data_32_V_read                             |    scalar    |
|data_33_V_read  |  in |   16|   ap_none  |                             data_33_V_read                             |    scalar    |
|data_35_V_read  |  in |   16|   ap_none  |                             data_35_V_read                             |    scalar    |
|data_36_V_read  |  in |   16|   ap_none  |                             data_36_V_read                             |    scalar    |
|data_37_V_read  |  in |   16|   ap_none  |                             data_37_V_read                             |    scalar    |
|data_38_V_read  |  in |   16|   ap_none  |                             data_38_V_read                             |    scalar    |
|data_39_V_read  |  in |   16|   ap_none  |                             data_39_V_read                             |    scalar    |
|data_40_V_read  |  in |   16|   ap_none  |                             data_40_V_read                             |    scalar    |
|data_42_V_read  |  in |   16|   ap_none  |                             data_42_V_read                             |    scalar    |
|data_43_V_read  |  in |   16|   ap_none  |                             data_43_V_read                             |    scalar    |
|data_44_V_read  |  in |   16|   ap_none  |                             data_44_V_read                             |    scalar    |
|data_45_V_read  |  in |   16|   ap_none  |                             data_45_V_read                             |    scalar    |
|data_46_V_read  |  in |   16|   ap_none  |                             data_46_V_read                             |    scalar    |
|data_48_V_read  |  in |   16|   ap_none  |                             data_48_V_read                             |    scalar    |
|data_49_V_read  |  in |   16|   ap_none  |                             data_49_V_read                             |    scalar    |
|data_50_V_read  |  in |   16|   ap_none  |                             data_50_V_read                             |    scalar    |
|data_51_V_read  |  in |   16|   ap_none  |                             data_51_V_read                             |    scalar    |
|data_52_V_read  |  in |   16|   ap_none  |                             data_52_V_read                             |    scalar    |
|data_53_V_read  |  in |   16|   ap_none  |                             data_53_V_read                             |    scalar    |
|data_54_V_read  |  in |   16|   ap_none  |                             data_54_V_read                             |    scalar    |
|data_55_V_read  |  in |   16|   ap_none  |                             data_55_V_read                             |    scalar    |
|data_57_V_read  |  in |   16|   ap_none  |                             data_57_V_read                             |    scalar    |
|data_58_V_read  |  in |   16|   ap_none  |                             data_58_V_read                             |    scalar    |
|data_59_V_read  |  in |   16|   ap_none  |                             data_59_V_read                             |    scalar    |
|data_60_V_read  |  in |   16|   ap_none  |                             data_60_V_read                             |    scalar    |
|data_61_V_read  |  in |   16|   ap_none  |                             data_61_V_read                             |    scalar    |
|data_63_V_read  |  in |   16|   ap_none  |                             data_63_V_read                             |    scalar    |
+----------------+-----+-----+------------+------------------------------------------------------------------------+--------------+

